<?xml version="1.0" encoding="ISO-8859-1" ?>
<link_info>
   <banner>MSP430 Linker PC v20.2.5.LTS</banner>
   <copyright>Copyright (c) 2003-2018 Texas Instruments Incorporated</copyright>
   <link_time>0x61a47bf5</link_time>
   <link_errors>0x0</link_errors>
   <output_file>BRT_AN_025_FT8xx_Example_for_MSP430.out</output_file>
   <entry_point>
      <name>_c_int00_noargs</name>
      <address>0x4400</address>
   </entry_point>
   <input_file_list>
      <input_file id="fl-2">
         <path>.\example\</path>
         <kind>object</kind>
         <file>eve_calibrate.obj</file>
         <name>eve_calibrate.obj</name>
      </input_file>
      <input_file id="fl-3">
         <path>.\example\</path>
         <kind>object</kind>
         <file>eve_example.obj</file>
         <name>eve_example.obj</name>
      </input_file>
      <input_file id="fl-4">
         <path>.\example\</path>
         <kind>object</kind>
         <file>eve_fonts.obj</file>
         <name>eve_fonts.obj</name>
      </input_file>
      <input_file id="fl-5">
         <path>.\example\</path>
         <kind>object</kind>
         <file>eve_helper.obj</file>
         <name>eve_helper.obj</name>
      </input_file>
      <input_file id="fl-6">
         <path>.\example\</path>
         <kind>object</kind>
         <file>eve_images.obj</file>
         <name>eve_images.obj</name>
      </input_file>
      <input_file id="fl-7">
         <path>.\lib\eve\eve_arch_msp430\</path>
         <kind>object</kind>
         <file>EVE_MCU_MSP430.obj</file>
         <name>EVE_MCU_MSP430.obj</name>
      </input_file>
      <input_file id="fl-8">
         <path>.\lib\eve\source\</path>
         <kind>object</kind>
         <file>EVE_API.obj</file>
         <name>EVE_API.obj</name>
      </input_file>
      <input_file id="fl-9">
         <path>.\lib\eve\source\</path>
         <kind>object</kind>
         <file>EVE_HAL.obj</file>
         <name>EVE_HAL.obj</name>
      </input_file>
      <input_file id="fl-a">
         <path>.\lib\eve\source\</path>
         <kind>object</kind>
         <file>EVE_HAL_Linux.obj</file>
         <name>EVE_HAL_Linux.obj</name>
      </input_file>
      <input_file id="fl-b">
         <path>.\main\</path>
         <kind>object</kind>
         <file>main.obj</file>
         <name>main.obj</name>
      </input_file>
      <input_file id="fl-11">
         <kind>object</kind>
         <file>&lt;internal&gt;</file>
         <name>&lt;internal&gt;</name>
      </input_file>
      <input_file id="fl-27">
         <path>C:\ti\ccs1040\ccs\tools\compiler\ti-cgt-msp430_20.2.5.LTS\lib\</path>
         <kind>archive</kind>
         <file>rts430x_lc_rd_eabi.lib</file>
         <name>div32u.asm.obj</name>
      </input_file>
      <input_file id="fl-28">
         <path>C:\ti\ccs1040\ccs\tools\compiler\ti-cgt-msp430_20.2.5.LTS\lib\</path>
         <kind>archive</kind>
         <file>rts430x_lc_rd_eabi.lib</file>
         <name>int41.asm.obj</name>
      </input_file>
      <input_file id="fl-29">
         <path>C:\ti\ccs1040\ccs\tools\compiler\ti-cgt-msp430_20.2.5.LTS\lib\</path>
         <kind>archive</kind>
         <file>rts430x_lc_rd_eabi.lib</file>
         <name>int42.asm.obj</name>
      </input_file>
      <input_file id="fl-2a">
         <path>C:\ti\ccs1040\ccs\tools\compiler\ti-cgt-msp430_20.2.5.LTS\lib\</path>
         <kind>archive</kind>
         <file>rts430x_lc_rd_eabi.lib</file>
         <name>int43.asm.obj</name>
      </input_file>
      <input_file id="fl-2b">
         <path>C:\ti\ccs1040\ccs\tools\compiler\ti-cgt-msp430_20.2.5.LTS\lib\</path>
         <kind>archive</kind>
         <file>rts430x_lc_rd_eabi.lib</file>
         <name>int44.asm.obj</name>
      </input_file>
      <input_file id="fl-2c">
         <path>C:\ti\ccs1040\ccs\tools\compiler\ti-cgt-msp430_20.2.5.LTS\lib\</path>
         <kind>archive</kind>
         <file>rts430x_lc_rd_eabi.lib</file>
         <name>int45.asm.obj</name>
      </input_file>
      <input_file id="fl-2d">
         <path>C:\ti\ccs1040\ccs\tools\compiler\ti-cgt-msp430_20.2.5.LTS\lib\</path>
         <kind>archive</kind>
         <file>rts430x_lc_rd_eabi.lib</file>
         <name>int46.asm.obj</name>
      </input_file>
      <input_file id="fl-2e">
         <path>C:\ti\ccs1040\ccs\tools\compiler\ti-cgt-msp430_20.2.5.LTS\lib\</path>
         <kind>archive</kind>
         <file>rts430x_lc_rd_eabi.lib</file>
         <name>int47.asm.obj</name>
      </input_file>
      <input_file id="fl-2f">
         <path>C:\ti\ccs1040\ccs\tools\compiler\ti-cgt-msp430_20.2.5.LTS\lib\</path>
         <kind>archive</kind>
         <file>rts430x_lc_rd_eabi.lib</file>
         <name>int48.asm.obj</name>
      </input_file>
      <input_file id="fl-30">
         <path>C:\ti\ccs1040\ccs\tools\compiler\ti-cgt-msp430_20.2.5.LTS\lib\</path>
         <kind>archive</kind>
         <file>rts430x_lc_rd_eabi.lib</file>
         <name>int49.asm.obj</name>
      </input_file>
      <input_file id="fl-31">
         <path>C:\ti\ccs1040\ccs\tools\compiler\ti-cgt-msp430_20.2.5.LTS\lib\</path>
         <kind>archive</kind>
         <file>rts430x_lc_rd_eabi.lib</file>
         <name>int50.asm.obj</name>
      </input_file>
      <input_file id="fl-32">
         <path>C:\ti\ccs1040\ccs\tools\compiler\ti-cgt-msp430_20.2.5.LTS\lib\</path>
         <kind>archive</kind>
         <file>rts430x_lc_rd_eabi.lib</file>
         <name>int51.asm.obj</name>
      </input_file>
      <input_file id="fl-33">
         <path>C:\ti\ccs1040\ccs\tools\compiler\ti-cgt-msp430_20.2.5.LTS\lib\</path>
         <kind>archive</kind>
         <file>rts430x_lc_rd_eabi.lib</file>
         <name>int52.asm.obj</name>
      </input_file>
      <input_file id="fl-34">
         <path>C:\ti\ccs1040\ccs\tools\compiler\ti-cgt-msp430_20.2.5.LTS\lib\</path>
         <kind>archive</kind>
         <file>rts430x_lc_rd_eabi.lib</file>
         <name>int53.asm.obj</name>
      </input_file>
      <input_file id="fl-35">
         <path>C:\ti\ccs1040\ccs\tools\compiler\ti-cgt-msp430_20.2.5.LTS\lib\</path>
         <kind>archive</kind>
         <file>rts430x_lc_rd_eabi.lib</file>
         <name>int54.asm.obj</name>
      </input_file>
      <input_file id="fl-36">
         <path>C:\ti\ccs1040\ccs\tools\compiler\ti-cgt-msp430_20.2.5.LTS\lib\</path>
         <kind>archive</kind>
         <file>rts430x_lc_rd_eabi.lib</file>
         <name>int55.asm.obj</name>
      </input_file>
      <input_file id="fl-37">
         <path>C:\ti\ccs1040\ccs\tools\compiler\ti-cgt-msp430_20.2.5.LTS\lib\</path>
         <kind>archive</kind>
         <file>rts430x_lc_rd_eabi.lib</file>
         <name>int57.asm.obj</name>
      </input_file>
      <input_file id="fl-38">
         <path>C:\ti\ccs1040\ccs\tools\compiler\ti-cgt-msp430_20.2.5.LTS\lib\</path>
         <kind>archive</kind>
         <file>rts430x_lc_rd_eabi.lib</file>
         <name>int58.asm.obj</name>
      </input_file>
      <input_file id="fl-39">
         <path>C:\ti\ccs1040\ccs\tools\compiler\ti-cgt-msp430_20.2.5.LTS\lib\</path>
         <kind>archive</kind>
         <file>rts430x_lc_rd_eabi.lib</file>
         <name>int59.asm.obj</name>
      </input_file>
      <input_file id="fl-3a">
         <path>C:\ti\ccs1040\ccs\tools\compiler\ti-cgt-msp430_20.2.5.LTS\lib\</path>
         <kind>archive</kind>
         <file>rts430x_lc_rd_eabi.lib</file>
         <name>int60.asm.obj</name>
      </input_file>
      <input_file id="fl-3b">
         <path>C:\ti\ccs1040\ccs\tools\compiler\ti-cgt-msp430_20.2.5.LTS\lib\</path>
         <kind>archive</kind>
         <file>rts430x_lc_rd_eabi.lib</file>
         <name>int61.asm.obj</name>
      </input_file>
      <input_file id="fl-3c">
         <path>C:\ti\ccs1040\ccs\tools\compiler\ti-cgt-msp430_20.2.5.LTS\lib\</path>
         <kind>archive</kind>
         <file>rts430x_lc_rd_eabi.lib</file>
         <name>int62.asm.obj</name>
      </input_file>
      <input_file id="fl-3d">
         <path>C:\ti\ccs1040\ccs\tools\compiler\ti-cgt-msp430_20.2.5.LTS\lib\</path>
         <kind>archive</kind>
         <file>rts430x_lc_rd_eabi.lib</file>
         <name>isr_trap.asm.obj</name>
      </input_file>
      <input_file id="fl-3e">
         <path>C:\ti\ccs1040\ccs\tools\compiler\ti-cgt-msp430_20.2.5.LTS\lib\</path>
         <kind>archive</kind>
         <file>rts430x_lc_rd_eabi.lib</file>
         <name>lsl32.asm.obj</name>
      </input_file>
      <input_file id="fl-3f">
         <path>C:\ti\ccs1040\ccs\tools\compiler\ti-cgt-msp430_20.2.5.LTS\lib\</path>
         <kind>archive</kind>
         <file>rts430x_lc_rd_eabi.lib</file>
         <name>lsr32.asm.obj</name>
      </input_file>
      <input_file id="fl-40">
         <path>C:\ti\ccs1040\ccs\tools\compiler\ti-cgt-msp430_20.2.5.LTS\lib\</path>
         <kind>archive</kind>
         <file>rts430x_lc_rd_eabi.lib</file>
         <name>mult16_f5hw.asm.obj</name>
      </input_file>
      <input_file id="fl-41">
         <path>C:\ti\ccs1040\ccs\tools\compiler\ti-cgt-msp430_20.2.5.LTS\lib\</path>
         <kind>archive</kind>
         <file>rts430x_lc_rd_eabi.lib</file>
         <name>mult1632_f5hw.asm.obj</name>
      </input_file>
      <input_file id="fl-42">
         <path>C:\ti\ccs1040\ccs\tools\compiler\ti-cgt-msp430_20.2.5.LTS\lib\</path>
         <kind>archive</kind>
         <file>rts430x_lc_rd_eabi.lib</file>
         <name>mult32.asm.obj</name>
      </input_file>
      <input_file id="fl-43">
         <path>C:\ti\ccs1040\ccs\tools\compiler\ti-cgt-msp430_20.2.5.LTS\lib\</path>
         <kind>archive</kind>
         <file>rts430x_lc_rd_eabi.lib</file>
         <name>mult32_f5hw.asm.obj</name>
      </input_file>
      <input_file id="fl-44">
         <path>C:\ti\ccs1040\ccs\tools\compiler\ti-cgt-msp430_20.2.5.LTS\lib\</path>
         <kind>archive</kind>
         <file>rts430x_lc_rd_eabi.lib</file>
         <name>mult3264_f5hw.asm.obj</name>
      </input_file>
      <input_file id="fl-45">
         <path>C:\ti\ccs1040\ccs\tools\compiler\ti-cgt-msp430_20.2.5.LTS\lib\</path>
         <kind>archive</kind>
         <file>rts430x_lc_rd_eabi.lib</file>
         <name>mult64_f5hw.asm.obj</name>
      </input_file>
      <input_file id="fl-46">
         <path>C:\ti\ccs1040\ccs\tools\compiler\ti-cgt-msp430_20.2.5.LTS\lib\</path>
         <kind>archive</kind>
         <file>rts430x_lc_rd_eabi.lib</file>
         <name>boot.c.obj</name>
      </input_file>
      <input_file id="fl-47">
         <path>C:\ti\ccs1040\ccs\tools\compiler\ti-cgt-msp430_20.2.5.LTS\lib\</path>
         <kind>archive</kind>
         <file>rts430x_lc_rd_eabi.lib</file>
         <name>autoinit.c.obj</name>
      </input_file>
      <input_file id="fl-48">
         <path>C:\ti\ccs1040\ccs\tools\compiler\ti-cgt-msp430_20.2.5.LTS\lib\</path>
         <kind>archive</kind>
         <file>rts430x_lc_rd_eabi.lib</file>
         <name>copy_zero_init.c.obj</name>
      </input_file>
      <input_file id="fl-49">
         <path>C:\ti\ccs1040\ccs\tools\compiler\ti-cgt-msp430_20.2.5.LTS\lib\</path>
         <kind>archive</kind>
         <file>rts430x_lc_rd_eabi.lib</file>
         <name>cpy_tbl.c.obj</name>
      </input_file>
      <input_file id="fl-4a">
         <path>C:\ti\ccs1040\ccs\tools\compiler\ti-cgt-msp430_20.2.5.LTS\lib\</path>
         <kind>archive</kind>
         <file>rts430x_lc_rd_eabi.lib</file>
         <name>mpu_init.c.obj</name>
      </input_file>
      <input_file id="fl-4b">
         <path>C:\ti\ccs1040\ccs\tools\compiler\ti-cgt-msp430_20.2.5.LTS\lib\</path>
         <kind>archive</kind>
         <file>rts430x_lc_rd_eabi.lib</file>
         <name>pre_init.c.obj</name>
      </input_file>
      <input_file id="fl-4c">
         <path>C:\ti\ccs1040\ccs\tools\compiler\ti-cgt-msp430_20.2.5.LTS\lib\</path>
         <kind>archive</kind>
         <file>rts430x_lc_rd_eabi.lib</file>
         <name>startup.c.obj</name>
      </input_file>
      <input_file id="fl-4d">
         <path>C:\ti\ccs1040\ccs\tools\compiler\ti-cgt-msp430_20.2.5.LTS\lib\</path>
         <kind>archive</kind>
         <file>rts430x_lc_rd_eabi.lib</file>
         <name>copy_decompress_none.c.obj</name>
      </input_file>
      <input_file id="fl-4e">
         <path>C:\ti\ccs1040\ccs\tools\compiler\ti-cgt-msp430_20.2.5.LTS\lib\</path>
         <kind>archive</kind>
         <file>rts430x_lc_rd_eabi.lib</file>
         <name>copy_decompress_lzss.c.obj</name>
      </input_file>
      <input_file id="fl-4f">
         <path>C:\ti\ccs1040\ccs\tools\compiler\ti-cgt-msp430_20.2.5.LTS\lib\</path>
         <kind>archive</kind>
         <file>rts430x_lc_rd_eabi.lib</file>
         <name>exit.c.obj</name>
      </input_file>
      <input_file id="fl-50">
         <path>C:\ti\ccs1040\ccs\tools\compiler\ti-cgt-msp430_20.2.5.LTS\lib\</path>
         <kind>archive</kind>
         <file>rts430x_lc_rd_eabi.lib</file>
         <name>_lock.c.obj</name>
      </input_file>
      <input_file id="fl-51">
         <path>C:\ti\ccs1040\ccs\tools\compiler\ti-cgt-msp430_20.2.5.LTS\lib\</path>
         <kind>archive</kind>
         <file>rts430x_lc_rd_eabi.lib</file>
         <name>args_main.c.obj</name>
      </input_file>
      <input_file id="fl-52">
         <path>C:\ti\ccs1040\ccs\tools\compiler\ti-cgt-msp430_20.2.5.LTS\lib\</path>
         <kind>archive</kind>
         <file>rts430x_lc_rd_eabi.lib</file>
         <name>memcpy.c.obj</name>
      </input_file>
      <input_file id="fl-53">
         <path>C:\ti\ccs1040\ccs\tools\compiler\ti-cgt-msp430_20.2.5.LTS\lib\</path>
         <kind>archive</kind>
         <file>rts430x_lc_rd_eabi.lib</file>
         <name>strlen.c.obj</name>
      </input_file>
      <input_file id="fl-54">
         <path>C:\ti\ccs1040\ccs\tools\compiler\ti-cgt-msp430_20.2.5.LTS\lib\</path>
         <kind>archive</kind>
         <file>rts430x_lc_rd_eabi.lib</file>
         <name>strstr.c.obj</name>
      </input_file>
      <input_file id="fl-55">
         <path>C:\ti\ccs1040\ccs\tools\compiler\ti-cgt-msp430_20.2.5.LTS\lib\</path>
         <kind>archive</kind>
         <file>rts430x_lc_rd_eabi.lib</file>
         <name>mult16.asm.obj</name>
      </input_file>
      <input_file id="fl-56">
         <path>C:\ti\ccs1040\ccs\tools\compiler\ti-cgt-msp430_20.2.5.LTS\lib\</path>
         <kind>archive</kind>
         <file>rts430x_lc_rd_eabi.lib</file>
         <name>exit_gvars.c.obj</name>
      </input_file>
   </input_file_list>
   <object_component_list>
      <object_component id="oc-569">
         <name>.common:eve_img_bridgetek_logo_width</name>
         <uninitialized>true</uninitialized>
         <run_address>0x2404</run_address>
         <size>0x4</size>
      </object_component>
      <object_component id="oc-56c">
         <name>.common:eve_img_bridgetek_logo_height</name>
         <uninitialized>true</uninitialized>
         <run_address>0x2400</run_address>
         <size>0x4</size>
      </object_component>
      <object_component id="oc-3e0">
         <name>.common:DataRead</name>
         <uninitialized>true</uninitialized>
         <run_address>0x2408</run_address>
         <size>0x1</size>
      </object_component>
      <object_component id="oc-5f6">
         <name>.common:val</name>
         <uninitialized>true</uninitialized>
         <run_address>0x2409</run_address>
         <size>0x1</size>
      </object_component>
      <object_component id="oc-760">
         <name>.data</name>
         <load_address>0x240c</load_address>
         <run_address>0x240c</run_address>
         <size>0x1</size>
         <input_file_ref idref="fl-7"/>
      </object_component>
      <object_component id="oc-725">
         <name>.data</name>
         <load_address>0x240a</load_address>
         <run_address>0x240a</run_address>
         <size>0x2</size>
         <input_file_ref idref="fl-9"/>
      </object_component>
      <object_component id="oc-36b">
         <name>.stack</name>
         <uninitialized>true</uninitialized>
         <run_address>0x4360</run_address>
         <size>0x4</size>
         <input_file_ref idref="fl-46"/>
      </object_component>
      <object_component id="oc-802">
         <name>.stack</name>
         <uninitialized>true</uninitialized>
         <run_address>0x4360</run_address>
         <size>0x0</size>
      </object_component>
      <object_component id="oc-484">
         <name>.text:box_create</name>
         <load_address>0x10000</load_address>
         <run_address>0x10000</run_address>
         <size>0x386</size>
         <input_file_ref idref="fl-3"/>
      </object_component>
      <object_component id="oc-472">
         <name>.text:EVE_Init</name>
         <load_address>0x10386</load_address>
         <run_address>0x10386</run_address>
         <size>0x206</size>
         <input_file_ref idref="fl-8"/>
      </object_component>
      <object_component id="oc-47e">
         <name>.text:eve_load_images</name>
         <load_address>0x1058c</load_address>
         <run_address>0x1058c</run_address>
         <size>0x162</size>
         <input_file_ref idref="fl-6"/>
      </object_component>
      <object_component id="oc-478">
         <name>.text:eve_init_fonts</name>
         <load_address>0x106ee</load_address>
         <run_address>0x106ee</run_address>
         <size>0xb0</size>
         <input_file_ref idref="fl-4"/>
      </object_component>
      <object_component id="oc-55d">
         <name>.text:EVE_LIB_WriteDataToCMD</name>
         <load_address>0x1079e</load_address>
         <run_address>0x1079e</run_address>
         <size>0xa6</size>
         <input_file_ref idref="fl-8"/>
      </object_component>
      <object_component id="oc-597">
         <name>.text:EVE_RECT_WITH_TEXT_COLOR</name>
         <load_address>0x10844</load_address>
         <run_address>0x10844</run_address>
         <size>0xa2</size>
         <input_file_ref idref="fl-3"/>
      </object_component>
      <object_component id="oc-58b">
         <name>.text:EVE_RECT_WITH_TEXT</name>
         <load_address>0x108e6</load_address>
         <run_address>0x108e6</run_address>
         <size>0x8a</size>
         <input_file_ref idref="fl-3"/>
      </object_component>
      <object_component id="oc-563">
         <name>.text:EVE_LIB_GetProps</name>
         <load_address>0x10970</load_address>
         <run_address>0x10970</run_address>
         <size>0x7e</size>
         <input_file_ref idref="fl-8"/>
      </object_component>
      <object_component id="oc-6d">
         <name>.text:decompress:lzss:__TI_decompress_lzss</name>
         <load_address>0x109ee</load_address>
         <run_address>0x109ee</run_address>
         <size>0x76</size>
         <input_file_ref idref="fl-4e"/>
      </object_component>
      <object_component id="oc-591">
         <name>.text:EVE_RECT</name>
         <load_address>0x10a64</load_address>
         <run_address>0x10a64</run_address>
         <size>0x60</size>
         <input_file_ref idref="fl-3"/>
      </object_component>
      <object_component id="oc-4c5">
         <name>.text:HAL_EVE_Init</name>
         <load_address>0x10ac4</load_address>
         <run_address>0x10ac4</run_address>
         <size>0x5e</size>
         <input_file_ref idref="fl-9"/>
      </object_component>
      <object_component id="oc-451">
         <name>.text:__TI_auto_init_nobinit_nopinit_hold_wdt:__TI_auto_init_nobinit_nopinit_hold_wdt</name>
         <load_address>0x10b22</load_address>
         <run_address>0x10b22</run_address>
         <size>0x54</size>
         <input_file_ref idref="fl-47"/>
      </object_component>
      <object_component id="oc-765">
         <name>.text:MCU_SPIReadWrite32</name>
         <load_address>0x10b76</load_address>
         <run_address>0x10b76</run_address>
         <size>0x52</size>
         <input_file_ref idref="fl-7"/>
      </object_component>
      <object_component id="oc-523">
         <name>.text:EVE_LIB_WriteDataToRAMG</name>
         <load_address>0x10bc8</load_address>
         <run_address>0x10bc8</run_address>
         <size>0x4c</size>
         <input_file_ref idref="fl-8"/>
      </object_component>
      <object_component id="oc-541">
         <name>.text:EVE_BITMAP_SIZE</name>
         <load_address>0x10c14</load_address>
         <run_address>0x10c14</run_address>
         <size>0x44</size>
         <input_file_ref idref="fl-8"/>
      </object_component>
      <object_component id="oc-751">
         <name>.text:MCU_SPIReadWrite24</name>
         <load_address>0x10c58</load_address>
         <run_address>0x10c58</run_address>
         <size>0x42</size>
         <input_file_ref idref="fl-7"/>
      </object_component>
      <object_component id="oc-66b">
         <name>.text:EVE_CMD_GETPROPS</name>
         <load_address>0x10c9a</load_address>
         <run_address>0x10c9a</run_address>
         <size>0x40</size>
         <input_file_ref idref="fl-8"/>
      </object_component>
      <object_component id="oc-519">
         <name>.text:EVE_CMD_SETBITMAP</name>
         <load_address>0x10cda</load_address>
         <run_address>0x10cda</run_address>
         <size>0x3e</size>
         <input_file_ref idref="fl-8"/>
      </object_component>
      <object_component id="oc-710">
         <name>.text:bswap32</name>
         <load_address>0x10d18</load_address>
         <run_address>0x10d18</run_address>
         <size>0x3e</size>
         <input_file_ref idref="fl-7"/>
      </object_component>
      <object_component id="oc-6bf">
         <name>.text:initSPI</name>
         <load_address>0x10d56</load_address>
         <run_address>0x10d56</run_address>
         <size>0x3e</size>
         <input_file_ref idref="fl-7"/>
      </object_component>
      <object_component id="oc-636">
         <name>.text:l_lsl_const</name>
         <load_address>0x10d94</load_address>
         <run_address>0x10d94</run_address>
         <size>0x3e</size>
         <input_file_ref idref="fl-3e"/>
      </object_component>
      <object_component id="oc-56d">
         <name>.text:l_lsr_const</name>
         <load_address>0x10dd2</load_address>
         <run_address>0x10dd2</run_address>
         <size>0x3e</size>
         <input_file_ref idref="fl-3f"/>
      </object_component>
      <object_component id="oc-699">
         <name>.text:EVE_CMD_TEXT</name>
         <load_address>0x10e10</load_address>
         <run_address>0x10e10</run_address>
         <size>0x3c</size>
         <input_file_ref idref="fl-8"/>
      </object_component>
      <object_component id="oc-693">
         <name>.text:EVE_VERTEX2F</name>
         <load_address>0x10e4c</load_address>
         <run_address>0x10e4c</run_address>
         <size>0x38</size>
         <input_file_ref idref="fl-8"/>
      </object_component>
      <object_component id="oc-647">
         <name>.text:HAL_WaitCmdFifoEmpty</name>
         <load_address>0x10e84</load_address>
         <run_address>0x10e84</run_address>
         <size>0x38</size>
         <input_file_ref idref="fl-9"/>
      </object_component>
      <object_component id="oc-4f5">
         <name>.text:EVE_CLEAR</name>
         <load_address>0x10ebc</load_address>
         <run_address>0x10ebc</run_address>
         <size>0x30</size>
         <input_file_ref idref="fl-8"/>
      </object_component>
      <object_component id="oc-554">
         <name>.text:EVE_CMD_LOADIMAGE</name>
         <load_address>0x10eec</load_address>
         <run_address>0x10eec</run_address>
         <size>0x30</size>
         <input_file_ref idref="fl-8"/>
      </object_component>
      <object_component id="oc-547">
         <name>.text:EVE_CMD_SETFONT</name>
         <load_address>0x10f1c</load_address>
         <run_address>0x10f1c</run_address>
         <size>0x30</size>
         <input_file_ref idref="fl-8"/>
      </object_component>
      <object_component id="oc-59d">
         <name>.text:eve_read_tag_real</name>
         <load_address>0x10f4c</load_address>
         <run_address>0x10f4c</run_address>
         <size>0x30</size>
         <input_file_ref idref="fl-5"/>
      </object_component>
      <object_component id="oc-53b">
         <name>.text:EVE_BITMAP_LAYOUT</name>
         <load_address>0x10f7c</load_address>
         <run_address>0x10f7c</run_address>
         <size>0x2e</size>
         <input_file_ref idref="fl-8"/>
      </object_component>
      <object_component id="oc-572">
         <name>.text:EVE_BITMAP_LAYOUT_H</name>
         <load_address>0x10faa</load_address>
         <run_address>0x10faa</run_address>
         <size>0x2c</size>
         <input_file_ref idref="fl-8"/>
      </object_component>
      <object_component id="oc-578">
         <name>.text:EVE_BITMAP_SIZE_H</name>
         <load_address>0x10fd6</load_address>
         <run_address>0x10fd6</run_address>
         <size>0x2c</size>
         <input_file_ref idref="fl-8"/>
      </object_component>
      <object_component id="oc-671">
         <name>.text:HAL_MemRead32</name>
         <load_address>0x11002</load_address>
         <run_address>0x11002</run_address>
         <size>0x2a</size>
         <input_file_ref idref="fl-9"/>
      </object_component>
      <object_component id="oc-4d7">
         <name>.text:HAL_MemWrite32</name>
         <load_address>0x1102c</load_address>
         <run_address>0x1102c</run_address>
         <size>0x2a</size>
         <input_file_ref idref="fl-9"/>
      </object_component>
      <object_component id="oc-73e">
         <name>.text:EVE_LIB_SendString</name>
         <load_address>0x11056</load_address>
         <run_address>0x11056</run_address>
         <size>0x28</size>
         <input_file_ref idref="fl-8"/>
      </object_component>
      <object_component id="oc-5f0">
         <name>.text:HAL_HostCmdWrite</name>
         <load_address>0x1107e</load_address>
         <run_address>0x1107e</run_address>
         <size>0x28</size>
         <input_file_ref idref="fl-9"/>
      </object_component>
      <object_component id="oc-6a2">
         <name>.text:HAL_MemRead16</name>
         <load_address>0x110a6</load_address>
         <run_address>0x110a6</run_address>
         <size>0x26</size>
         <input_file_ref idref="fl-9"/>
      </object_component>
      <object_component id="oc-4dd">
         <name>.text:HAL_MemRead8</name>
         <load_address>0x110cc</load_address>
         <run_address>0x110cc</run_address>
         <size>0x26</size>
         <input_file_ref idref="fl-9"/>
      </object_component>
      <object_component id="oc-4cb">
         <name>.text:HAL_MemWrite16</name>
         <load_address>0x110f2</load_address>
         <run_address>0x110f2</run_address>
         <size>0x26</size>
         <input_file_ref idref="fl-9"/>
      </object_component>
      <object_component id="oc-4d1">
         <name>.text:HAL_MemWrite8</name>
         <load_address>0x11118</load_address>
         <run_address>0x11118</run_address>
         <size>0x26</size>
         <input_file_ref idref="fl-9"/>
      </object_component>
      <object_component id="oc-4ef">
         <name>.text:EVE_CLEAR_COLOR_RGB</name>
         <load_address>0x1113e</load_address>
         <run_address>0x1113e</run_address>
         <size>0x24</size>
         <input_file_ref idref="fl-8"/>
      </object_component>
      <object_component id="oc-529">
         <name>.text:EVE_COLOR_RGB</name>
         <load_address>0x11162</load_address>
         <run_address>0x11162</run_address>
         <size>0x24</size>
         <input_file_ref idref="fl-8"/>
      </object_component>
      <object_component id="oc-392">
         <name>.text:decompress:ZI:__TI_zero_init_nomemset:__TI_zero_init_nomemset</name>
         <load_address>0x11186</load_address>
         <run_address>0x11186</run_address>
         <size>0x24</size>
         <input_file_ref idref="fl-48"/>
      </object_component>
      <object_component id="oc-57e">
         <name>.text</name>
         <load_address>0x111aa</load_address>
         <run_address>0x111aa</run_address>
         <size>0x24</size>
         <input_file_ref idref="fl-43"/>
      </object_component>
      <object_component id="oc-5a3">
         <name>.text:EVE_CMD_SETROTATE</name>
         <load_address>0x111ce</load_address>
         <run_address>0x111ce</run_address>
         <size>0x22</size>
         <input_file_ref idref="fl-8"/>
      </object_component>
      <object_component id="oc-664">
         <name>.text:MCU_SPIWrite</name>
         <load_address>0x111f0</load_address>
         <run_address>0x111f0</run_address>
         <size>0x22</size>
         <input_file_ref idref="fl-7"/>
      </object_component>
      <object_component id="oc-759">
         <name>.text:MCU_SPIReadWrite16</name>
         <load_address>0x11212</load_address>
         <run_address>0x11212</run_address>
         <size>0x20</size>
         <input_file_ref idref="fl-7"/>
      </object_component>
      <object_component id="oc-65e">
         <name>.text:HAL_CheckCmdFreeSpace</name>
         <load_address>0x11232</load_address>
         <run_address>0x11232</run_address>
         <size>0x1e</size>
         <input_file_ref idref="fl-9"/>
      </object_component>
      <object_component id="oc-4e3">
         <name>.text:EVE_LIB_BeginCoProList</name>
         <load_address>0x11250</load_address>
         <run_address>0x11250</run_address>
         <size>0x1c</size>
         <input_file_ref idref="fl-8"/>
      </object_component>
      <object_component id="oc-709">
         <name>.text:MCU_SPIReadWrite8</name>
         <load_address>0x1126c</load_address>
         <run_address>0x1126c</run_address>
         <size>0x1a</size>
         <input_file_ref idref="fl-7"/>
      </object_component>
      <object_component id="oc-52f">
         <name>.text:EVE_BEGIN</name>
         <load_address>0x11286</load_address>
         <run_address>0x11286</run_address>
         <size>0x18</size>
         <input_file_ref idref="fl-8"/>
      </object_component>
      <object_component id="oc-513">
         <name>.text:EVE_BITMAP_HANDLE</name>
         <load_address>0x1129e</load_address>
         <run_address>0x1129e</run_address>
         <size>0x18</size>
         <input_file_ref idref="fl-8"/>
      </object_component>
      <object_component id="oc-687">
         <name>.text:EVE_LINE_WIDTH</name>
         <load_address>0x112b6</load_address>
         <run_address>0x112b6</run_address>
         <size>0x18</size>
         <input_file_ref idref="fl-8"/>
      </object_component>
      <object_component id="oc-535">
         <name>.text:EVE_BITMAP_SOURCE</name>
         <load_address>0x112ce</load_address>
         <run_address>0x112ce</run_address>
         <size>0x16</size>
         <input_file_ref idref="fl-8"/>
      </object_component>
      <object_component id="oc-68d">
         <name>.text:EVE_TAG</name>
         <load_address>0x112e4</load_address>
         <run_address>0x112e4</run_address>
         <size>0x16</size>
         <input_file_ref idref="fl-8"/>
      </object_component>
      <object_component id="oc-6d5">
         <name>.text:delay</name>
         <load_address>0x112fa</load_address>
         <run_address>0x112fa</run_address>
         <size>0x16</size>
         <input_file_ref idref="fl-7"/>
      </object_component>
      <object_component id="oc-37a">
         <name>.text:memcpy</name>
         <load_address>0x11310</load_address>
         <run_address>0x11310</run_address>
         <size>0x14</size>
         <input_file_ref idref="fl-52"/>
      </object_component>
      <object_component id="oc-600">
         <name>.text:HAL_SetWriteAddress</name>
         <load_address>0x11324</load_address>
         <run_address>0x11324</run_address>
         <size>0x12</size>
         <input_file_ref idref="fl-9"/>
      </object_component>
      <object_component id="oc-640">
         <name>.text:HAL_WriteCmdPointer</name>
         <load_address>0x11336</load_address>
         <run_address>0x11336</run_address>
         <size>0x12</size>
         <input_file_ref idref="fl-9"/>
      </object_component>
      <object_component id="oc-5d8">
         <name>.text:MCU_Init</name>
         <load_address>0x11348</load_address>
         <run_address>0x11348</run_address>
         <size>0x12</size>
         <input_file_ref idref="fl-7"/>
      </object_component>
      <object_component id="oc-73">
         <name>.text:decompress:none:__TI_decompress_none</name>
         <load_address>0x1135a</load_address>
         <run_address>0x1135a</run_address>
         <size>0x12</size>
         <input_file_ref idref="fl-4d"/>
      </object_component>
      <object_component id="oc-4e9">
         <name>.text:EVE_CMD_DLSTART</name>
         <load_address>0x1136c</load_address>
         <run_address>0x1136c</run_address>
         <size>0x10</size>
         <input_file_ref idref="fl-8"/>
      </object_component>
      <object_component id="oc-501">
         <name>.text:EVE_CMD_SWAP</name>
         <load_address>0x1137c</load_address>
         <run_address>0x1137c</run_address>
         <size>0x10</size>
         <input_file_ref idref="fl-8"/>
      </object_component>
      <object_component id="oc-54d">
         <name>.text:EVE_END</name>
         <load_address>0x1138c</load_address>
         <run_address>0x1138c</run_address>
         <size>0x10</size>
         <input_file_ref idref="fl-8"/>
      </object_component>
      <object_component id="oc-6c6">
         <name>.text:MCU_CShigh</name>
         <load_address>0x1139c</load_address>
         <run_address>0x1139c</run_address>
         <size>0x10</size>
         <input_file_ref idref="fl-7"/>
      </object_component>
      <object_component id="oc-6cd">
         <name>.text:MCU_CSlow</name>
         <load_address>0x113ac</load_address>
         <run_address>0x113ac</run_address>
         <size>0x10</size>
         <input_file_ref idref="fl-7"/>
      </object_component>
      <object_component id="oc-426">
         <name>.text:eve_example</name>
         <load_address>0x113bc</load_address>
         <run_address>0x113bc</run_address>
         <size>0x10</size>
         <input_file_ref idref="fl-3"/>
      </object_component>
      <object_component id="oc-4fb">
         <name>.text:EVE_DISPLAY</name>
         <load_address>0x113cc</load_address>
         <run_address>0x113cc</run_address>
         <size>0xe</size>
         <input_file_ref idref="fl-8"/>
      </object_component>
      <object_component id="oc-62f">
         <name>.text:HAL_IncCmdPointer</name>
         <load_address>0x113da</load_address>
         <run_address>0x113da</run_address>
         <size>0xe</size>
         <input_file_ref idref="fl-9"/>
      </object_component>
      <object_component id="oc-776">
         <name>.text:strlen</name>
         <load_address>0x113e8</load_address>
         <run_address>0x113e8</run_address>
         <size>0xe</size>
         <input_file_ref idref="fl-53"/>
      </object_component>
      <object_component id="oc-5de">
         <name>.text:HAL_ChipSelect</name>
         <load_address>0x113f6</load_address>
         <run_address>0x113f6</run_address>
         <size>0xc</size>
         <input_file_ref idref="fl-9"/>
      </object_component>
      <object_component id="oc-5ea">
         <name>.text:HAL_PowerDown</name>
         <load_address>0x11402</load_address>
         <run_address>0x11402</run_address>
         <size>0xc</size>
         <input_file_ref idref="fl-9"/>
      </object_component>
      <object_component id="oc-61b">
         <name>.text:HAL_SetReadAddress</name>
         <load_address>0x1140e</load_address>
         <run_address>0x1140e</run_address>
         <size>0xc</size>
         <input_file_ref idref="fl-9"/>
      </object_component>
      <object_component id="oc-507">
         <name>.text:EVE_LIB_EndCoProList</name>
         <load_address>0x1141a</load_address>
         <run_address>0x1141a</run_address>
         <size>0xa</size>
         <input_file_ref idref="fl-8"/>
      </object_component>
      <object_component id="oc-71e">
         <name>.text:MCU_SPIRead8</name>
         <load_address>0x11424</load_address>
         <run_address>0x11424</run_address>
         <size>0xa</size>
         <input_file_ref idref="fl-7"/>
      </object_component>
      <object_component id="oc-745">
         <name>.text:HAL_Read16</name>
         <load_address>0x1142e</load_address>
         <run_address>0x1142e</run_address>
         <size>0x8</size>
         <input_file_ref idref="fl-9"/>
      </object_component>
      <object_component id="oc-734">
         <name>.text:HAL_Read32</name>
         <load_address>0x11436</load_address>
         <run_address>0x11436</run_address>
         <size>0x8</size>
         <input_file_ref idref="fl-9"/>
      </object_component>
      <object_component id="oc-621">
         <name>.text:HAL_Read8</name>
         <load_address>0x1143e</load_address>
         <run_address>0x1143e</run_address>
         <size>0x8</size>
         <input_file_ref idref="fl-9"/>
      </object_component>
      <object_component id="oc-606">
         <name>.text:HAL_Write16</name>
         <load_address>0x11446</load_address>
         <run_address>0x11446</run_address>
         <size>0x8</size>
         <input_file_ref idref="fl-9"/>
      </object_component>
      <object_component id="oc-614">
         <name>.text:HAL_Write32</name>
         <load_address>0x1144e</load_address>
         <run_address>0x1144e</run_address>
         <size>0x8</size>
         <input_file_ref idref="fl-9"/>
      </object_component>
      <object_component id="oc-5e4">
         <name>.text:MCU_Delay_20ms</name>
         <load_address>0x11456</load_address>
         <run_address>0x11456</run_address>
         <size>0x8</size>
         <input_file_ref idref="fl-7"/>
      </object_component>
      <object_component id="oc-6dc">
         <name>.text:MCU_PDhigh</name>
         <load_address>0x1145e</load_address>
         <run_address>0x1145e</run_address>
         <size>0x8</size>
         <input_file_ref idref="fl-7"/>
      </object_component>
      <object_component id="oc-6e3">
         <name>.text:MCU_PDlow</name>
         <load_address>0x11466</load_address>
         <run_address>0x11466</run_address>
         <size>0x8</size>
         <input_file_ref idref="fl-7"/>
      </object_component>
      <object_component id="oc-76f">
         <name>.text:MCU_SPIRead32</name>
         <load_address>0x1146e</load_address>
         <run_address>0x1146e</run_address>
         <size>0x8</size>
         <input_file_ref idref="fl-7"/>
      </object_component>
      <object_component id="oc-3f2">
         <name>.text:main</name>
         <load_address>0x11476</load_address>
         <run_address>0x11476</run_address>
         <size>0x8</size>
         <input_file_ref idref="fl-b"/>
      </object_component>
      <object_component id="oc-628">
         <name>.text:HAL_GetCmdPointer</name>
         <load_address>0x1147e</load_address>
         <run_address>0x1147e</run_address>
         <size>0x6</size>
         <input_file_ref idref="fl-9"/>
      </object_component>
      <object_component id="oc-77d">
         <name>.text:MCU_SPIRead16</name>
         <load_address>0x11484</load_address>
         <run_address>0x11484</run_address>
         <size>0x6</size>
         <input_file_ref idref="fl-7"/>
      </object_component>
      <object_component id="oc-42d">
         <name>.text:abort</name>
         <load_address>0x1148a</load_address>
         <run_address>0x1148a</run_address>
         <size>0x6</size>
         <input_file_ref idref="fl-4f"/>
      </object_component>
      <object_component id="oc-50d">
         <name>.text:EVE_LIB_AwaitCoProEmpty</name>
         <load_address>0x11490</load_address>
         <run_address>0x11490</run_address>
         <size>0x4</size>
         <input_file_ref idref="fl-8"/>
      </object_component>
      <object_component id="oc-702">
         <name>.text:MCU_SPIWrite16</name>
         <load_address>0x11494</load_address>
         <run_address>0x11494</run_address>
         <size>0x4</size>
         <input_file_ref idref="fl-7"/>
      </object_component>
      <object_component id="oc-6f5">
         <name>.text:MCU_SPIWrite24</name>
         <load_address>0x11498</load_address>
         <run_address>0x11498</run_address>
         <size>0x4</size>
         <input_file_ref idref="fl-7"/>
      </object_component>
      <object_component id="oc-716">
         <name>.text:MCU_SPIWrite32</name>
         <load_address>0x1149c</load_address>
         <run_address>0x1149c</run_address>
         <size>0x4</size>
         <input_file_ref idref="fl-7"/>
      </object_component>
      <object_component id="oc-60d">
         <name>.text:MCU_SPIWrite8</name>
         <load_address>0x114a0</load_address>
         <run_address>0x114a0</run_address>
         <size>0x4</size>
         <input_file_ref idref="fl-7"/>
      </object_component>
      <object_component id="oc-3ec">
         <name>.text:_system_pre_init</name>
         <load_address>0x114a4</load_address>
         <run_address>0x114a4</run_address>
         <size>0x4</size>
         <input_file_ref idref="fl-4b"/>
      </object_component>
      <object_component id="oc-6fc">
         <name>.text:bswap16</name>
         <load_address>0x114a8</load_address>
         <run_address>0x114a8</run_address>
         <size>0x4</size>
         <input_file_ref idref="fl-7"/>
      </object_component>
      <object_component id="oc-5f9">
         <name>.text:MCU_Setup</name>
         <load_address>0x114ac</load_address>
         <run_address>0x114ac</run_address>
         <size>0x2</size>
         <input_file_ref idref="fl-7"/>
      </object_component>
      <object_component id="oc-6ef">
         <name>.text:MCU_htobe32</name>
         <load_address>0x114ae</load_address>
         <run_address>0x114ae</run_address>
         <size>0x2</size>
         <input_file_ref idref="fl-7"/>
      </object_component>
      <object_component id="oc-49d">
         <name>.text:_system_post_cinit</name>
         <load_address>0x114b0</load_address>
         <run_address>0x114b0</run_address>
         <size>0x2</size>
         <input_file_ref idref="fl-4c"/>
      </object_component>
      <object_component id="oc-3a4">
         <name>.text:_isr:_c_int00_noargs</name>
         <load_address>0x4400</load_address>
         <run_address>0x4400</run_address>
         <size>0x1c</size>
         <input_file_ref idref="fl-46"/>
      </object_component>
      <object_component id="oc-38c">
         <name>.text:_isr:USCI_A0_ISR</name>
         <load_address>0x441c</load_address>
         <run_address>0x441c</run_address>
         <size>0xe</size>
         <input_file_ref idref="fl-7"/>
      </object_component>
      <object_component id="oc-387">
         <name>.text:_isr:__TI_ISR_TRAP</name>
         <load_address>0x442a</load_address>
         <run_address>0x442a</run_address>
         <size>0x8</size>
         <input_file_ref idref="fl-3d"/>
      </object_component>
      <object_component id="oc-7fe">
         <name>__TI_handler_table</name>
         <load_address>0x5e9a</load_address>
         <run_address>0x5e9a</run_address>
         <size>0xc</size>
      </object_component>
      <object_component id="oc-801">
         <name>.cinit..data.load</name>
         <load_address>0x5ea6</load_address>
         <run_address>0x5ea6</run_address>
         <size>0x7</size>
      </object_component>
      <object_component id="oc-800">
         <name>.cinit..bss.load</name>
         <load_address>0x5eae</load_address>
         <run_address>0x5eae</run_address>
         <size>0x6</size>
      </object_component>
      <object_component id="oc-7ff">
         <name>__TI_cinit_table</name>
         <load_address>0x5eb4</load_address>
         <run_address>0x5eb4</run_address>
         <size>0x10</size>
      </object_component>
      <object_component id="oc-55a">
         <name>.const:.string:img_bridgetek_logo</name>
         <load_address>0x4432</load_address>
         <run_address>0x4432</run_address>
         <size>0xe16</size>
         <input_file_ref idref="fl-6"/>
      </object_component>
      <object_component id="oc-520">
         <name>.const:.string:font0</name>
         <load_address>0x5248</load_address>
         <run_address>0x5248</run_address>
         <size>0xbe8</size>
         <input_file_ref idref="fl-4"/>
      </object_component>
      <object_component id="oc-58a">
         <name>.const:.string</name>
         <load_address>0x5e30</load_address>
         <run_address>0x5e30</run_address>
         <size>0x46</size>
         <input_file_ref idref="fl-3"/>
      </object_component>
      <object_component id="oc-584">
         <name>.const:$P$T0$1</name>
         <load_address>0x5e76</load_address>
         <run_address>0x5e76</run_address>
         <size>0x12</size>
         <input_file_ref idref="fl-3"/>
      </object_component>
      <object_component id="oc-587">
         <name>.const:$P$T1$2</name>
         <load_address>0x5e88</load_address>
         <run_address>0x5e88</run_address>
         <size>0x12</size>
         <input_file_ref idref="fl-3"/>
      </object_component>
      <object_component id="oc-790">
         <name>.binit</name>
         <load_address>0x4400</load_address>
         <run_address>0x4400</run_address>
         <size>0x0</size>
      </object_component>
      <object_component id="oc-79">
         <name>.int41</name>
         <load_address>0xffd2</load_address>
         <run_address>0xffd2</run_address>
         <size>0x2</size>
         <input_file_ref idref="fl-28"/>
      </object_component>
      <object_component id="oc-7a">
         <name>.int42</name>
         <load_address>0xffd4</load_address>
         <run_address>0xffd4</run_address>
         <size>0x2</size>
         <input_file_ref idref="fl-29"/>
      </object_component>
      <object_component id="oc-7b">
         <name>.int43</name>
         <load_address>0xffd6</load_address>
         <run_address>0xffd6</run_address>
         <size>0x2</size>
         <input_file_ref idref="fl-2a"/>
      </object_component>
      <object_component id="oc-7c">
         <name>.int44</name>
         <load_address>0xffd8</load_address>
         <run_address>0xffd8</run_address>
         <size>0x2</size>
         <input_file_ref idref="fl-2b"/>
      </object_component>
      <object_component id="oc-7d">
         <name>.int45</name>
         <load_address>0xffda</load_address>
         <run_address>0xffda</run_address>
         <size>0x2</size>
         <input_file_ref idref="fl-2c"/>
      </object_component>
      <object_component id="oc-7e">
         <name>.int46</name>
         <load_address>0xffdc</load_address>
         <run_address>0xffdc</run_address>
         <size>0x2</size>
         <input_file_ref idref="fl-2d"/>
      </object_component>
      <object_component id="oc-7f">
         <name>.int47</name>
         <load_address>0xffde</load_address>
         <run_address>0xffde</run_address>
         <size>0x2</size>
         <input_file_ref idref="fl-2e"/>
      </object_component>
      <object_component id="oc-80">
         <name>.int48</name>
         <load_address>0xffe0</load_address>
         <run_address>0xffe0</run_address>
         <size>0x2</size>
         <input_file_ref idref="fl-2f"/>
      </object_component>
      <object_component id="oc-81">
         <name>.int49</name>
         <load_address>0xffe2</load_address>
         <run_address>0xffe2</run_address>
         <size>0x2</size>
         <input_file_ref idref="fl-30"/>
      </object_component>
      <object_component id="oc-82">
         <name>.int50</name>
         <load_address>0xffe4</load_address>
         <run_address>0xffe4</run_address>
         <size>0x2</size>
         <input_file_ref idref="fl-31"/>
      </object_component>
      <object_component id="oc-83">
         <name>.int51</name>
         <load_address>0xffe6</load_address>
         <run_address>0xffe6</run_address>
         <size>0x2</size>
         <input_file_ref idref="fl-32"/>
      </object_component>
      <object_component id="oc-84">
         <name>.int52</name>
         <load_address>0xffe8</load_address>
         <run_address>0xffe8</run_address>
         <size>0x2</size>
         <input_file_ref idref="fl-33"/>
      </object_component>
      <object_component id="oc-85">
         <name>.int53</name>
         <load_address>0xffea</load_address>
         <run_address>0xffea</run_address>
         <size>0x2</size>
         <input_file_ref idref="fl-34"/>
      </object_component>
      <object_component id="oc-86">
         <name>.int54</name>
         <load_address>0xffec</load_address>
         <run_address>0xffec</run_address>
         <size>0x2</size>
         <input_file_ref idref="fl-35"/>
      </object_component>
      <object_component id="oc-87">
         <name>.int55</name>
         <load_address>0xffee</load_address>
         <run_address>0xffee</run_address>
         <size>0x2</size>
         <input_file_ref idref="fl-36"/>
      </object_component>
      <object_component id="oc-88">
         <name>.int56</name>
         <load_address>0xfff0</load_address>
         <run_address>0xfff0</run_address>
         <size>0x2</size>
         <input_file_ref idref="fl-7"/>
      </object_component>
      <object_component id="oc-89">
         <name>.int57</name>
         <load_address>0xfff2</load_address>
         <run_address>0xfff2</run_address>
         <size>0x2</size>
         <input_file_ref idref="fl-37"/>
      </object_component>
      <object_component id="oc-8a">
         <name>.int58</name>
         <load_address>0xfff4</load_address>
         <run_address>0xfff4</run_address>
         <size>0x2</size>
         <input_file_ref idref="fl-38"/>
      </object_component>
      <object_component id="oc-8b">
         <name>.int59</name>
         <load_address>0xfff6</load_address>
         <run_address>0xfff6</run_address>
         <size>0x2</size>
         <input_file_ref idref="fl-39"/>
      </object_component>
      <object_component id="oc-8c">
         <name>.int60</name>
         <load_address>0xfff8</load_address>
         <run_address>0xfff8</run_address>
         <size>0x2</size>
         <input_file_ref idref="fl-3a"/>
      </object_component>
      <object_component id="oc-8d">
         <name>.int61</name>
         <load_address>0xfffa</load_address>
         <run_address>0xfffa</run_address>
         <size>0x2</size>
         <input_file_ref idref="fl-3b"/>
      </object_component>
      <object_component id="oc-8e">
         <name>.int62</name>
         <load_address>0xfffc</load_address>
         <run_address>0xfffc</run_address>
         <size>0x2</size>
         <input_file_ref idref="fl-3c"/>
      </object_component>
      <object_component id="oc-36e">
         <name>.reset</name>
         <load_address>0xfffe</load_address>
         <run_address>0xfffe</run_address>
         <size>0x2</size>
         <input_file_ref idref="fl-46"/>
      </object_component>
      <object_component id="oc-471">
         <name>.debug_info</name>
         <load_address>0x0</load_address>
         <run_address>0x0</run_address>
         <size>0x4ad</size>
         <input_file_ref idref="fl-2"/>
      </object_component>
      <object_component id="oc-41e">
         <name>.debug_info</name>
         <load_address>0x4ad</load_address>
         <run_address>0x4ad</run_address>
         <size>0x26b</size>
         <input_file_ref idref="fl-2"/>
      </object_component>
      <object_component id="oc-6ad">
         <name>.debug_info</name>
         <load_address>0x718</load_address>
         <run_address>0x718</run_address>
         <size>0xbb</size>
         <input_file_ref idref="fl-2"/>
      </object_component>
      <object_component id="oc-375">
         <name>.debug_info</name>
         <load_address>0x7d3</load_address>
         <run_address>0x7d3</run_address>
         <size>0x84</size>
         <input_file_ref idref="fl-2"/>
      </object_component>
      <object_component id="oc-46c">
         <name>.debug_info</name>
         <load_address>0x857</load_address>
         <run_address>0x857</run_address>
         <size>0x282</size>
         <input_file_ref idref="fl-2"/>
      </object_component>
      <object_component id="oc-419">
         <name>.debug_info</name>
         <load_address>0xad9</load_address>
         <run_address>0xad9</run_address>
         <size>0xbb</size>
         <input_file_ref idref="fl-2"/>
      </object_component>
      <object_component id="oc-4c0">
         <name>.debug_info</name>
         <load_address>0xb94</load_address>
         <run_address>0xb94</run_address>
         <size>0x55</size>
         <input_file_ref idref="fl-2"/>
      </object_component>
      <object_component id="oc-5aa">
         <name>.debug_info</name>
         <load_address>0xbe9</load_address>
         <run_address>0xbe9</run_address>
         <size>0x6d5</size>
         <input_file_ref idref="fl-3"/>
      </object_component>
      <object_component id="oc-585">
         <name>.debug_info</name>
         <load_address>0x12be</load_address>
         <run_address>0x12be</run_address>
         <size>0xf7</size>
         <input_file_ref idref="fl-3"/>
      </object_component>
      <object_component id="oc-588">
         <name>.debug_info</name>
         <load_address>0x13b5</load_address>
         <run_address>0x13b5</run_address>
         <size>0xf7</size>
         <input_file_ref idref="fl-3"/>
      </object_component>
      <object_component id="oc-58c">
         <name>.debug_info</name>
         <load_address>0x14ac</load_address>
         <run_address>0x14ac</run_address>
         <size>0x2bc</size>
         <input_file_ref idref="fl-3"/>
      </object_component>
      <object_component id="oc-592">
         <name>.debug_info</name>
         <load_address>0x1768</load_address>
         <run_address>0x1768</run_address>
         <size>0x24a</size>
         <input_file_ref idref="fl-3"/>
      </object_component>
      <object_component id="oc-59a">
         <name>.debug_info</name>
         <load_address>0x19b2</load_address>
         <run_address>0x19b2</run_address>
         <size>0x333</size>
         <input_file_ref idref="fl-3"/>
      </object_component>
      <object_component id="oc-486">
         <name>.debug_info</name>
         <load_address>0x1ce5</load_address>
         <run_address>0x1ce5</run_address>
         <size>0x640</size>
         <input_file_ref idref="fl-3"/>
      </object_component>
      <object_component id="oc-427">
         <name>.debug_info</name>
         <load_address>0x2325</load_address>
         <run_address>0x2325</run_address>
         <size>0x191</size>
         <input_file_ref idref="fl-3"/>
      </object_component>
      <object_component id="oc-3d8">
         <name>.debug_info</name>
         <load_address>0x24b6</load_address>
         <run_address>0x24b6</run_address>
         <size>0x2c</size>
         <input_file_ref idref="fl-3"/>
      </object_component>
      <object_component id="oc-67a">
         <name>.debug_info</name>
         <load_address>0x24e2</load_address>
         <run_address>0x24e2</run_address>
         <size>0x35</size>
         <input_file_ref idref="fl-3"/>
      </object_component>
      <object_component id="oc-652">
         <name>.debug_info</name>
         <load_address>0x2517</load_address>
         <run_address>0x2517</run_address>
         <size>0x4a6</size>
         <input_file_ref idref="fl-4"/>
      </object_component>
      <object_component id="oc-521">
         <name>.debug_info</name>
         <load_address>0x29bd</load_address>
         <run_address>0x29bd</run_address>
         <size>0xf2</size>
         <input_file_ref idref="fl-4"/>
      </object_component>
      <object_component id="oc-479">
         <name>.debug_info</name>
         <load_address>0x2aaf</load_address>
         <run_address>0x2aaf</run_address>
         <size>0x2b1</size>
         <input_file_ref idref="fl-4"/>
      </object_component>
      <object_component id="oc-6a9">
         <name>.debug_info</name>
         <load_address>0x2d60</load_address>
         <run_address>0x2d60</run_address>
         <size>0x1e6</size>
         <input_file_ref idref="fl-5"/>
      </object_component>
      <object_component id="oc-5a0">
         <name>.debug_info</name>
         <load_address>0x2f46</load_address>
         <run_address>0x2f46</run_address>
         <size>0x1d0</size>
         <input_file_ref idref="fl-5"/>
      </object_component>
      <object_component id="oc-56a">
         <name>.debug_info</name>
         <load_address>0x3116</load_address>
         <run_address>0x3116</run_address>
         <size>0x58e</size>
         <input_file_ref idref="fl-6"/>
      </object_component>
      <object_component id="oc-55b">
         <name>.debug_info</name>
         <load_address>0x36a4</load_address>
         <run_address>0x36a4</run_address>
         <size>0x10c</size>
         <input_file_ref idref="fl-6"/>
      </object_component>
      <object_component id="oc-47f">
         <name>.debug_info</name>
         <load_address>0x37b0</load_address>
         <run_address>0x37b0</run_address>
         <size>0x44b</size>
         <input_file_ref idref="fl-6"/>
      </object_component>
      <object_component id="oc-3e1">
         <name>.debug_info</name>
         <load_address>0x3bfb</load_address>
         <run_address>0x3bfb</run_address>
         <size>0x3ba</size>
         <input_file_ref idref="fl-7"/>
      </object_component>
      <object_component id="oc-761">
         <name>.debug_info</name>
         <load_address>0x3fb5</load_address>
         <run_address>0x3fb5</run_address>
         <size>0x105</size>
         <input_file_ref idref="fl-7"/>
      </object_component>
      <object_component id="oc-6c1">
         <name>.debug_info</name>
         <load_address>0x40ba</load_address>
         <run_address>0x40ba</run_address>
         <size>0x179</size>
         <input_file_ref idref="fl-7"/>
      </object_component>
      <object_component id="oc-6d7">
         <name>.debug_info</name>
         <load_address>0x4233</load_address>
         <run_address>0x4233</run_address>
         <size>0x19a</size>
         <input_file_ref idref="fl-7"/>
      </object_component>
      <object_component id="oc-712">
         <name>.debug_info</name>
         <load_address>0x43cd</load_address>
         <run_address>0x43cd</run_address>
         <size>0x1cc</size>
         <input_file_ref idref="fl-7"/>
      </object_component>
      <object_component id="oc-6fe">
         <name>.debug_info</name>
         <load_address>0x4599</load_address>
         <run_address>0x4599</run_address>
         <size>0x18b</size>
         <input_file_ref idref="fl-7"/>
      </object_component>
      <object_component id="oc-38d">
         <name>.debug_info</name>
         <load_address>0x4724</load_address>
         <run_address>0x4724</run_address>
         <size>0x182</size>
         <input_file_ref idref="fl-7"/>
      </object_component>
      <object_component id="oc-6f1">
         <name>.debug_info</name>
         <load_address>0x48a6</load_address>
         <run_address>0x48a6</run_address>
         <size>0x198</size>
         <input_file_ref idref="fl-7"/>
      </object_component>
      <object_component id="oc-5fa">
         <name>.debug_info</name>
         <load_address>0x4a3e</load_address>
         <run_address>0x4a3e</run_address>
         <size>0x17d</size>
         <input_file_ref idref="fl-7"/>
      </object_component>
      <object_component id="oc-70b">
         <name>.debug_info</name>
         <load_address>0x4bbb</load_address>
         <run_address>0x4bbb</run_address>
         <size>0x1cf</size>
         <input_file_ref idref="fl-7"/>
      </object_component>
      <object_component id="oc-60e">
         <name>.debug_info</name>
         <load_address>0x4d8a</load_address>
         <run_address>0x4d8a</run_address>
         <size>0x1b7</size>
         <input_file_ref idref="fl-7"/>
      </object_component>
      <object_component id="oc-767">
         <name>.debug_info</name>
         <load_address>0x4f41</load_address>
         <run_address>0x4f41</run_address>
         <size>0x26a</size>
         <input_file_ref idref="fl-7"/>
      </object_component>
      <object_component id="oc-717">
         <name>.debug_info</name>
         <load_address>0x51ab</load_address>
         <run_address>0x51ab</run_address>
         <size>0x1c2</size>
         <input_file_ref idref="fl-7"/>
      </object_component>
      <object_component id="oc-753">
         <name>.debug_info</name>
         <load_address>0x536d</load_address>
         <run_address>0x536d</run_address>
         <size>0x268</size>
         <input_file_ref idref="fl-7"/>
      </object_component>
      <object_component id="oc-6f6">
         <name>.debug_info</name>
         <load_address>0x55d5</load_address>
         <run_address>0x55d5</run_address>
         <size>0x1bf</size>
         <input_file_ref idref="fl-7"/>
      </object_component>
      <object_component id="oc-75b">
         <name>.debug_info</name>
         <load_address>0x5794</load_address>
         <run_address>0x5794</run_address>
         <size>0x21a</size>
         <input_file_ref idref="fl-7"/>
      </object_component>
      <object_component id="oc-703">
         <name>.debug_info</name>
         <load_address>0x59ae</load_address>
         <run_address>0x59ae</run_address>
         <size>0x1ba</size>
         <input_file_ref idref="fl-7"/>
      </object_component>
      <object_component id="oc-665">
         <name>.debug_info</name>
         <load_address>0x5b68</load_address>
         <run_address>0x5b68</run_address>
         <size>0x22b</size>
         <input_file_ref idref="fl-7"/>
      </object_component>
      <object_component id="oc-71f">
         <name>.debug_info</name>
         <load_address>0x5d93</load_address>
         <run_address>0x5d93</run_address>
         <size>0x1b8</size>
         <input_file_ref idref="fl-7"/>
      </object_component>
      <object_component id="oc-770">
         <name>.debug_info</name>
         <load_address>0x5f4b</load_address>
         <run_address>0x5f4b</run_address>
         <size>0x19e</size>
         <input_file_ref idref="fl-7"/>
      </object_component>
      <object_component id="oc-77e">
         <name>.debug_info</name>
         <load_address>0x60e9</load_address>
         <run_address>0x60e9</run_address>
         <size>0x19d</size>
         <input_file_ref idref="fl-7"/>
      </object_component>
      <object_component id="oc-6e4">
         <name>.debug_info</name>
         <load_address>0x6286</load_address>
         <run_address>0x6286</run_address>
         <size>0x180</size>
         <input_file_ref idref="fl-7"/>
      </object_component>
      <object_component id="oc-6dd">
         <name>.debug_info</name>
         <load_address>0x6406</load_address>
         <run_address>0x6406</run_address>
         <size>0x182</size>
         <input_file_ref idref="fl-7"/>
      </object_component>
      <object_component id="oc-5d9">
         <name>.debug_info</name>
         <load_address>0x6588</load_address>
         <run_address>0x6588</run_address>
         <size>0x189</size>
         <input_file_ref idref="fl-7"/>
      </object_component>
      <object_component id="oc-5e5">
         <name>.debug_info</name>
         <load_address>0x6711</load_address>
         <run_address>0x6711</run_address>
         <size>0x191</size>
         <input_file_ref idref="fl-7"/>
      </object_component>
      <object_component id="oc-6ce">
         <name>.debug_info</name>
         <load_address>0x68a2</load_address>
         <run_address>0x68a2</run_address>
         <size>0x180</size>
         <input_file_ref idref="fl-7"/>
      </object_component>
      <object_component id="oc-6c7">
         <name>.debug_info</name>
         <load_address>0x6a22</load_address>
         <run_address>0x6a22</run_address>
         <size>0x182</size>
         <input_file_ref idref="fl-7"/>
      </object_component>
      <object_component id="oc-63c">
         <name>.debug_info</name>
         <load_address>0x6ba4</load_address>
         <run_address>0x6ba4</run_address>
         <size>0x542</size>
         <input_file_ref idref="fl-8"/>
      </object_component>
      <object_component id="oc-694">
         <name>.debug_info</name>
         <load_address>0x70e6</load_address>
         <run_address>0x70e6</run_address>
         <size>0x1a8</size>
         <input_file_ref idref="fl-8"/>
      </object_component>
      <object_component id="oc-68e">
         <name>.debug_info</name>
         <load_address>0x728e</load_address>
         <run_address>0x728e</run_address>
         <size>0x187</size>
         <input_file_ref idref="fl-8"/>
      </object_component>
      <object_component id="oc-688">
         <name>.debug_info</name>
         <load_address>0x7415</load_address>
         <run_address>0x7415</run_address>
         <size>0x192</size>
         <input_file_ref idref="fl-8"/>
      </object_component>
      <object_component id="oc-524">
         <name>.debug_info</name>
         <load_address>0x75a7</load_address>
         <run_address>0x75a7</run_address>
         <size>0x270</size>
         <input_file_ref idref="fl-8"/>
      </object_component>
      <object_component id="oc-55e">
         <name>.debug_info</name>
         <load_address>0x7817</load_address>
         <run_address>0x7817</run_address>
         <size>0x2f4</size>
         <input_file_ref idref="fl-8"/>
      </object_component>
      <object_component id="oc-73f">
         <name>.debug_info</name>
         <load_address>0x7b0b</load_address>
         <run_address>0x7b0b</run_address>
         <size>0x1e3</size>
         <input_file_ref idref="fl-8"/>
      </object_component>
      <object_component id="oc-50e">
         <name>.debug_info</name>
         <load_address>0x7cee</load_address>
         <run_address>0x7cee</run_address>
         <size>0x17f</size>
         <input_file_ref idref="fl-8"/>
      </object_component>
      <object_component id="oc-4e4">
         <name>.debug_info</name>
         <load_address>0x7e6d</load_address>
         <run_address>0x7e6d</run_address>
         <size>0x1c7</size>
         <input_file_ref idref="fl-8"/>
      </object_component>
      <object_component id="oc-66c">
         <name>.debug_info</name>
         <load_address>0x8034</load_address>
         <run_address>0x8034</run_address>
         <size>0x222</size>
         <input_file_ref idref="fl-8"/>
      </object_component>
      <object_component id="oc-508">
         <name>.debug_info</name>
         <load_address>0x8256</load_address>
         <run_address>0x8256</run_address>
         <size>0x18d</size>
         <input_file_ref idref="fl-8"/>
      </object_component>
      <object_component id="oc-564">
         <name>.debug_info</name>
         <load_address>0x83e3</load_address>
         <run_address>0x83e3</run_address>
         <size>0x2b6</size>
         <input_file_ref idref="fl-8"/>
      </object_component>
      <object_component id="oc-4ea">
         <name>.debug_info</name>
         <load_address>0x8699</load_address>
         <run_address>0x8699</run_address>
         <size>0x181</size>
         <input_file_ref idref="fl-8"/>
      </object_component>
      <object_component id="oc-4f0">
         <name>.debug_info</name>
         <load_address>0x881a</load_address>
         <run_address>0x881a</run_address>
         <size>0x1ec</size>
         <input_file_ref idref="fl-8"/>
      </object_component>
      <object_component id="oc-4f6">
         <name>.debug_info</name>
         <load_address>0x8a06</load_address>
         <run_address>0x8a06</run_address>
         <size>0x1b7</size>
         <input_file_ref idref="fl-8"/>
      </object_component>
      <object_component id="oc-4fc">
         <name>.debug_info</name>
         <load_address>0x8bbd</load_address>
         <run_address>0x8bbd</run_address>
         <size>0x179</size>
         <input_file_ref idref="fl-8"/>
      </object_component>
      <object_component id="oc-502">
         <name>.debug_info</name>
         <load_address>0x8d36</load_address>
         <run_address>0x8d36</run_address>
         <size>0x17b</size>
         <input_file_ref idref="fl-8"/>
      </object_component>
      <object_component id="oc-514">
         <name>.debug_info</name>
         <load_address>0x8eb1</load_address>
         <run_address>0x8eb1</run_address>
         <size>0x1af</size>
         <input_file_ref idref="fl-8"/>
      </object_component>
      <object_component id="oc-51a">
         <name>.debug_info</name>
         <load_address>0x9060</load_address>
         <run_address>0x9060</run_address>
         <size>0x225</size>
         <input_file_ref idref="fl-8"/>
      </object_component>
      <object_component id="oc-473">
         <name>.debug_info</name>
         <load_address>0x9285</load_address>
         <run_address>0x9285</run_address>
         <size>0x53b</size>
         <input_file_ref idref="fl-8"/>
      </object_component>
      <object_component id="oc-54e">
         <name>.debug_info</name>
         <load_address>0x97c0</load_address>
         <run_address>0x97c0</run_address>
         <size>0x171</size>
         <input_file_ref idref="fl-8"/>
      </object_component>
      <object_component id="oc-52a">
         <name>.debug_info</name>
         <load_address>0x9931</load_address>
         <run_address>0x9931</run_address>
         <size>0x1e0</size>
         <input_file_ref idref="fl-8"/>
      </object_component>
      <object_component id="oc-69a">
         <name>.debug_info</name>
         <load_address>0x9b11</load_address>
         <run_address>0x9b11</run_address>
         <size>0x212</size>
         <input_file_ref idref="fl-8"/>
      </object_component>
      <object_component id="oc-5a4">
         <name>.debug_info</name>
         <load_address>0x9d23</load_address>
         <run_address>0x9d23</run_address>
         <size>0x1bc</size>
         <input_file_ref idref="fl-8"/>
      </object_component>
      <object_component id="oc-548">
         <name>.debug_info</name>
         <load_address>0x9edf</load_address>
         <run_address>0x9edf</run_address>
         <size>0x1fe</size>
         <input_file_ref idref="fl-8"/>
      </object_component>
      <object_component id="oc-555">
         <name>.debug_info</name>
         <load_address>0xa0dd</load_address>
         <run_address>0xa0dd</run_address>
         <size>0x20e</size>
         <input_file_ref idref="fl-8"/>
      </object_component>
      <object_component id="oc-536">
         <name>.debug_info</name>
         <load_address>0xa2eb</load_address>
         <run_address>0xa2eb</run_address>
         <size>0x19b</size>
         <input_file_ref idref="fl-8"/>
      </object_component>
      <object_component id="oc-579">
         <name>.debug_info</name>
         <load_address>0xa486</load_address>
         <run_address>0xa486</run_address>
         <size>0x1d5</size>
         <input_file_ref idref="fl-8"/>
      </object_component>
      <object_component id="oc-542">
         <name>.debug_info</name>
         <load_address>0xa65b</load_address>
         <run_address>0xa65b</run_address>
         <size>0x266</size>
         <input_file_ref idref="fl-8"/>
      </object_component>
      <object_component id="oc-573">
         <name>.debug_info</name>
         <load_address>0xa8c1</load_address>
         <run_address>0xa8c1</run_address>
         <size>0x1ed</size>
         <input_file_ref idref="fl-8"/>
      </object_component>
      <object_component id="oc-53c">
         <name>.debug_info</name>
         <load_address>0xaaae</load_address>
         <run_address>0xaaae</run_address>
         <size>0x20e</size>
         <input_file_ref idref="fl-8"/>
      </object_component>
      <object_component id="oc-530">
         <name>.debug_info</name>
         <load_address>0xacbc</load_address>
         <run_address>0xacbc</run_address>
         <size>0x197</size>
         <input_file_ref idref="fl-8"/>
      </object_component>
      <object_component id="oc-5f7">
         <name>.debug_info</name>
         <load_address>0xae53</load_address>
         <run_address>0xae53</run_address>
         <size>0x4ac</size>
         <input_file_ref idref="fl-9"/>
      </object_component>
      <object_component id="oc-726">
         <name>.debug_info</name>
         <load_address>0xb2ff</load_address>
         <run_address>0xb2ff</run_address>
         <size>0x10a</size>
         <input_file_ref idref="fl-9"/>
      </object_component>
      <object_component id="oc-5df">
         <name>.debug_info</name>
         <load_address>0xb409</load_address>
         <run_address>0xb409</run_address>
         <size>0x19e</size>
         <input_file_ref idref="fl-9"/>
      </object_component>
      <object_component id="oc-601">
         <name>.debug_info</name>
         <load_address>0xb5a7</load_address>
         <run_address>0xb5a7</run_address>
         <size>0x1b5</size>
         <input_file_ref idref="fl-9"/>
      </object_component>
      <object_component id="oc-616">
         <name>.debug_info</name>
         <load_address>0xb75c</load_address>
         <run_address>0xb75c</run_address>
         <size>0x18b</size>
         <input_file_ref idref="fl-9"/>
      </object_component>
      <object_component id="oc-4d9">
         <name>.debug_info</name>
         <load_address>0xb8e7</load_address>
         <run_address>0xb8e7</run_address>
         <size>0x215</size>
         <input_file_ref idref="fl-9"/>
      </object_component>
      <object_component id="oc-641">
         <name>.debug_info</name>
         <load_address>0xbafc</load_address>
         <run_address>0xbafc</run_address>
         <size>0x174</size>
         <input_file_ref idref="fl-9"/>
      </object_component>
      <object_component id="oc-608">
         <name>.debug_info</name>
         <load_address>0xbc70</load_address>
         <run_address>0xbc70</run_address>
         <size>0x186</size>
         <input_file_ref idref="fl-9"/>
      </object_component>
      <object_component id="oc-61d">
         <name>.debug_info</name>
         <load_address>0xbdf6</load_address>
         <run_address>0xbdf6</run_address>
         <size>0x1b3</size>
         <input_file_ref idref="fl-9"/>
      </object_component>
      <object_component id="oc-735">
         <name>.debug_info</name>
         <load_address>0xbfa9</load_address>
         <run_address>0xbfa9</run_address>
         <size>0x174</size>
         <input_file_ref idref="fl-9"/>
      </object_component>
      <object_component id="oc-672">
         <name>.debug_info</name>
         <load_address>0xc11d</load_address>
         <run_address>0xc11d</run_address>
         <size>0x1e8</size>
         <input_file_ref idref="fl-9"/>
      </object_component>
      <object_component id="oc-649">
         <name>.debug_info</name>
         <load_address>0xc305</load_address>
         <run_address>0xc305</run_address>
         <size>0x1ae</size>
         <input_file_ref idref="fl-9"/>
      </object_component>
      <object_component id="oc-622">
         <name>.debug_info</name>
         <load_address>0xc4b3</load_address>
         <run_address>0xc4b3</run_address>
         <size>0x175</size>
         <input_file_ref idref="fl-9"/>
      </object_component>
      <object_component id="oc-747">
         <name>.debug_info</name>
         <load_address>0xc628</load_address>
         <run_address>0xc628</run_address>
         <size>0x174</size>
         <input_file_ref idref="fl-9"/>
      </object_component>
      <object_component id="oc-5ec">
         <name>.debug_info</name>
         <load_address>0xc79c</load_address>
         <run_address>0xc79c</run_address>
         <size>0x19c</size>
         <input_file_ref idref="fl-9"/>
      </object_component>
      <object_component id="oc-4d2">
         <name>.debug_info</name>
         <load_address>0xc938</load_address>
         <run_address>0xc938</run_address>
         <size>0x207</size>
         <input_file_ref idref="fl-9"/>
      </object_component>
      <object_component id="oc-4cd">
         <name>.debug_info</name>
         <load_address>0xcb3f</load_address>
         <run_address>0xcb3f</run_address>
         <size>0x20c</size>
         <input_file_ref idref="fl-9"/>
      </object_component>
      <object_component id="oc-4de">
         <name>.debug_info</name>
         <load_address>0xcd4b</load_address>
         <run_address>0xcd4b</run_address>
         <size>0x1f6</size>
         <input_file_ref idref="fl-9"/>
      </object_component>
      <object_component id="oc-6a4">
         <name>.debug_info</name>
         <load_address>0xcf41</load_address>
         <run_address>0xcf41</run_address>
         <size>0x1fb</size>
         <input_file_ref idref="fl-9"/>
      </object_component>
      <object_component id="oc-630">
         <name>.debug_info</name>
         <load_address>0xd13c</load_address>
         <run_address>0xd13c</run_address>
         <size>0x17f</size>
         <input_file_ref idref="fl-9"/>
      </object_component>
      <object_component id="oc-5f2">
         <name>.debug_info</name>
         <load_address>0xd2bb</load_address>
         <run_address>0xd2bb</run_address>
         <size>0x208</size>
         <input_file_ref idref="fl-9"/>
      </object_component>
      <object_component id="oc-629">
         <name>.debug_info</name>
         <load_address>0xd4c3</load_address>
         <run_address>0xd4c3</run_address>
         <size>0x164</size>
         <input_file_ref idref="fl-9"/>
      </object_component>
      <object_component id="oc-4c7">
         <name>.debug_info</name>
         <load_address>0xd627</load_address>
         <run_address>0xd627</run_address>
         <size>0x23d</size>
         <input_file_ref idref="fl-9"/>
      </object_component>
      <object_component id="oc-660">
         <name>.debug_info</name>
         <load_address>0xd864</load_address>
         <run_address>0xd864</run_address>
         <size>0x1aa</size>
         <input_file_ref idref="fl-9"/>
      </object_component>
      <object_component id="oc-3f4">
         <name>.debug_info</name>
         <load_address>0xda0e</load_address>
         <run_address>0xda0e</run_address>
         <size>0x128</size>
         <input_file_ref idref="fl-b"/>
      </object_component>
      <object_component id="oc-388">
         <name>.debug_info</name>
         <load_address>0xdb36</load_address>
         <run_address>0xdb36</run_address>
         <size>0x10f</size>
         <input_file_ref idref="fl-3d"/>
      </object_component>
      <object_component id="oc-637">
         <name>.debug_info</name>
         <load_address>0xdc45</load_address>
         <run_address>0xdc45</run_address>
         <size>0x126</size>
         <input_file_ref idref="fl-3e"/>
      </object_component>
      <object_component id="oc-570">
         <name>.debug_info</name>
         <load_address>0xdd6b</load_address>
         <run_address>0xdd6b</run_address>
         <size>0x126</size>
         <input_file_ref idref="fl-3f"/>
      </object_component>
      <object_component id="oc-580">
         <name>.debug_info</name>
         <load_address>0xde91</load_address>
         <run_address>0xde91</run_address>
         <size>0x130</size>
         <input_file_ref idref="fl-43"/>
      </object_component>
      <object_component id="oc-36c">
         <name>.debug_info</name>
         <load_address>0xdfc1</load_address>
         <run_address>0xdfc1</run_address>
         <size>0x100</size>
         <input_file_ref idref="fl-46"/>
      </object_component>
      <object_component id="oc-3a8">
         <name>.debug_info</name>
         <load_address>0xe0c1</load_address>
         <run_address>0xe0c1</run_address>
         <size>0x17a</size>
         <input_file_ref idref="fl-46"/>
[...]
         <name>MCU_PDhigh</name>
         <value>0x1145e</value>
         <object_component_ref idref="oc-6dc"/>
      </symbol>
      <symbol id="sm-4f4">
         <name>MCU_SPIWrite16</name>
         <value>0x11494</value>
         <object_component_ref idref="oc-702"/>
      </symbol>
      <symbol id="sm-4f5">
         <name>MCU_htobe32</name>
         <value>0x114ae</value>
         <object_component_ref idref="oc-6ef"/>
      </symbol>
      <symbol id="sm-5df">
         <name>EVE_CMD_LOADIMAGE</name>
         <value>0x10eec</value>
         <object_component_ref idref="oc-554"/>
      </symbol>
      <symbol id="sm-5e0">
         <name>EVE_LIB_WriteDataToRAMG</name>
         <value>0x10bc8</value>
         <object_component_ref idref="oc-523"/>
      </symbol>
      <symbol id="sm-5e1">
         <name>EVE_TAG</name>
         <value>0x112e4</value>
         <object_component_ref idref="oc-68d"/>
      </symbol>
      <symbol id="sm-5e2">
         <name>EVE_BITMAP_LAYOUT</name>
         <value>0x10f7c</value>
         <object_component_ref idref="oc-53b"/>
      </symbol>
      <symbol id="sm-5e3">
         <name>EVE_CMD_TEXT</name>
         <value>0x10e10</value>
         <object_component_ref idref="oc-699"/>
      </symbol>
      <symbol id="sm-5e4">
         <name>EVE_LIB_EndCoProList</name>
         <value>0x1141a</value>
         <object_component_ref idref="oc-507"/>
      </symbol>
      <symbol id="sm-5e5">
         <name>EVE_BEGIN</name>
         <value>0x11286</value>
         <object_component_ref idref="oc-52f"/>
      </symbol>
      <symbol id="sm-5e6">
         <name>EVE_CMD_SETFONT</name>
         <value>0x10f1c</value>
         <object_component_ref idref="oc-547"/>
      </symbol>
      <symbol id="sm-5e7">
         <name>EVE_BITMAP_HANDLE</name>
         <value>0x1129e</value>
         <object_component_ref idref="oc-513"/>
      </symbol>
      <symbol id="sm-5e8">
         <name>EVE_LINE_WIDTH</name>
         <value>0x112b6</value>
         <object_component_ref idref="oc-687"/>
      </symbol>
      <symbol id="sm-5e9">
         <name>EVE_BITMAP_SIZE_H</name>
         <value>0x10fd6</value>
         <object_component_ref idref="oc-578"/>
      </symbol>
      <symbol id="sm-5ea">
         <name>EVE_LIB_SendString</name>
         <value>0x11056</value>
         <object_component_ref idref="oc-73e"/>
      </symbol>
      <symbol id="sm-5eb">
         <name>EVE_Init</name>
         <value>0x10386</value>
         <object_component_ref idref="oc-472"/>
      </symbol>
      <symbol id="sm-5ec">
         <name>EVE_LIB_GetProps</name>
         <value>0x10970</value>
         <object_component_ref idref="oc-563"/>
      </symbol>
      <symbol id="sm-5ed">
         <name>EVE_BITMAP_SIZE</name>
         <value>0x10c14</value>
         <object_component_ref idref="oc-541"/>
      </symbol>
      <symbol id="sm-5ee">
         <name>EVE_CMD_SETROTATE</name>
         <value>0x111ce</value>
         <object_component_ref idref="oc-5a3"/>
      </symbol>
      <symbol id="sm-5ef">
         <name>EVE_COLOR_RGB</name>
         <value>0x11162</value>
         <object_component_ref idref="oc-529"/>
      </symbol>
      <symbol id="sm-5f0">
         <name>EVE_END</name>
         <value>0x1138c</value>
         <object_component_ref idref="oc-54d"/>
      </symbol>
      <symbol id="sm-5f1">
         <name>EVE_CMD_SWAP</name>
         <value>0x1137c</value>
         <object_component_ref idref="oc-501"/>
      </symbol>
      <symbol id="sm-5f2">
         <name>EVE_LIB_BeginCoProList</name>
         <value>0x11250</value>
         <object_component_ref idref="oc-4e3"/>
      </symbol>
      <symbol id="sm-5f3">
         <name>EVE_DISPLAY</name>
         <value>0x113cc</value>
         <object_component_ref idref="oc-4fb"/>
      </symbol>
      <symbol id="sm-5f4">
         <name>EVE_CMD_GETPROPS</name>
         <value>0x10c9a</value>
         <object_component_ref idref="oc-66b"/>
      </symbol>
      <symbol id="sm-5f5">
         <name>EVE_CLEAR_COLOR_RGB</name>
         <value>0x1113e</value>
         <object_component_ref idref="oc-4ef"/>
      </symbol>
      <symbol id="sm-5f6">
         <name>EVE_BITMAP_LAYOUT_H</name>
         <value>0x10faa</value>
         <object_component_ref idref="oc-572"/>
      </symbol>
      <symbol id="sm-5f7">
         <name>EVE_LIB_AwaitCoProEmpty</name>
         <value>0x11490</value>
         <object_component_ref idref="oc-50d"/>
      </symbol>
      <symbol id="sm-5f8">
         <name>EVE_VERTEX2F</name>
         <value>0x10e4c</value>
         <object_component_ref idref="oc-693"/>
      </symbol>
      <symbol id="sm-5f9">
         <name>EVE_CMD_DLSTART</name>
         <value>0x1136c</value>
         <object_component_ref idref="oc-4e9"/>
      </symbol>
      <symbol id="sm-5fa">
         <name>EVE_BITMAP_SOURCE</name>
         <value>0x112ce</value>
         <object_component_ref idref="oc-535"/>
      </symbol>
      <symbol id="sm-5fb">
         <name>EVE_CLEAR</name>
         <value>0x10ebc</value>
         <object_component_ref idref="oc-4f5"/>
      </symbol>
      <symbol id="sm-5fc">
         <name>EVE_LIB_WriteDataToCMD</name>
         <value>0x1079e</value>
         <object_component_ref idref="oc-55d"/>
      </symbol>
      <symbol id="sm-5fd">
         <name>EVE_CMD_SETBITMAP</name>
         <value>0x10cda</value>
         <object_component_ref idref="oc-519"/>
      </symbol>
      <symbol id="sm-6ac">
         <name>val</name>
         <value>0x2409</value>
      </symbol>
      <symbol id="sm-6ad">
         <name>HAL_MemRead32</name>
         <value>0x11002</value>
         <object_component_ref idref="oc-671"/>
      </symbol>
      <symbol id="sm-6ae">
         <name>HAL_MemRead8</name>
         <value>0x110cc</value>
         <object_component_ref idref="oc-4dd"/>
      </symbol>
      <symbol id="sm-6af">
         <name>HAL_HostCmdWrite</name>
         <value>0x1107e</value>
         <object_component_ref idref="oc-5f0"/>
      </symbol>
      <symbol id="sm-6b0">
         <name>HAL_Read8</name>
         <value>0x1143e</value>
         <object_component_ref idref="oc-621"/>
      </symbol>
      <symbol id="sm-6b1">
         <name>HAL_Write16</name>
         <value>0x11446</value>
         <object_component_ref idref="oc-606"/>
      </symbol>
      <symbol id="sm-6b2">
         <name>HAL_MemWrite8</name>
         <value>0x11118</value>
         <object_component_ref idref="oc-4d1"/>
      </symbol>
      <symbol id="sm-6b3">
         <name>HAL_SetWriteAddress</name>
         <value>0x11324</value>
         <object_component_ref idref="oc-600"/>
      </symbol>
      <symbol id="sm-6b4">
         <name>HAL_Write32</name>
         <value>0x1144e</value>
         <object_component_ref idref="oc-614"/>
      </symbol>
      <symbol id="sm-6b5">
         <name>HAL_SetReadAddress</name>
         <value>0x1140e</value>
         <object_component_ref idref="oc-61b"/>
      </symbol>
      <symbol id="sm-6b6">
         <name>HAL_PowerDown</name>
         <value>0x11402</value>
         <object_component_ref idref="oc-5ea"/>
      </symbol>
      <symbol id="sm-6b7">
         <name>HAL_ChipSelect</name>
         <value>0x113f6</value>
         <object_component_ref idref="oc-5de"/>
      </symbol>
      <symbol id="sm-6b8">
         <name>HAL_EVE_Init</name>
         <value>0x10ac4</value>
         <object_component_ref idref="oc-4c5"/>
      </symbol>
      <symbol id="sm-6b9">
         <name>HAL_WaitCmdFifoEmpty</name>
         <value>0x10e84</value>
         <object_component_ref idref="oc-647"/>
      </symbol>
      <symbol id="sm-6ba">
         <name>HAL_WriteCmdPointer</name>
         <value>0x11336</value>
         <object_component_ref idref="oc-640"/>
      </symbol>
      <symbol id="sm-6bb">
         <name>HAL_IncCmdPointer</name>
         <value>0x113da</value>
         <object_component_ref idref="oc-62f"/>
      </symbol>
      <symbol id="sm-6bc">
         <name>HAL_Read32</name>
         <value>0x11436</value>
         <object_component_ref idref="oc-734"/>
      </symbol>
      <symbol id="sm-6bd">
         <name>HAL_MemWrite32</name>
         <value>0x1102c</value>
         <object_component_ref idref="oc-4d7"/>
      </symbol>
      <symbol id="sm-6be">
         <name>HAL_Read16</name>
         <value>0x1142e</value>
         <object_component_ref idref="oc-745"/>
      </symbol>
      <symbol id="sm-6bf">
         <name>HAL_GetCmdPointer</name>
         <value>0x1147e</value>
         <object_component_ref idref="oc-628"/>
      </symbol>
      <symbol id="sm-6c0">
         <name>HAL_MemWrite16</name>
         <value>0x110f2</value>
         <object_component_ref idref="oc-4cb"/>
      </symbol>
      <symbol id="sm-6c1">
         <name>HAL_CheckCmdFreeSpace</name>
         <value>0x11232</value>
         <object_component_ref idref="oc-65e"/>
      </symbol>
      <symbol id="sm-6c2">
         <name>HAL_MemRead16</name>
         <value>0x110a6</value>
         <object_component_ref idref="oc-6a2"/>
      </symbol>
      <symbol id="sm-6cd">
         <name>main</name>
         <value>0x11476</value>
         <object_component_ref idref="oc-3f2"/>
      </symbol>
      <symbol id="sm-6d1">
         <name>__TI_int41</name>
         <value>0xffd2</value>
         <object_component_ref idref="oc-79"/>
      </symbol>
      <symbol id="sm-6d4">
         <name>__TI_int42</name>
         <value>0xffd4</value>
         <object_component_ref idref="oc-7a"/>
      </symbol>
      <symbol id="sm-6d7">
         <name>__TI_int43</name>
         <value>0xffd6</value>
         <object_component_ref idref="oc-7b"/>
      </symbol>
      <symbol id="sm-6da">
         <name>__TI_int44</name>
         <value>0xffd8</value>
         <object_component_ref idref="oc-7c"/>
      </symbol>
      <symbol id="sm-6dd">
         <name>__TI_int45</name>
         <value>0xffda</value>
         <object_component_ref idref="oc-7d"/>
      </symbol>
      <symbol id="sm-6e0">
         <name>__TI_int46</name>
         <value>0xffdc</value>
         <object_component_ref idref="oc-7e"/>
      </symbol>
      <symbol id="sm-6e3">
         <name>__TI_int47</name>
         <value>0xffde</value>
         <object_component_ref idref="oc-7f"/>
      </symbol>
      <symbol id="sm-6e6">
         <name>__TI_int48</name>
         <value>0xffe0</value>
         <object_component_ref idref="oc-80"/>
      </symbol>
      <symbol id="sm-6e9">
         <name>__TI_int49</name>
         <value>0xffe2</value>
         <object_component_ref idref="oc-81"/>
      </symbol>
      <symbol id="sm-6ec">
         <name>__TI_int50</name>
         <value>0xffe4</value>
         <object_component_ref idref="oc-82"/>
      </symbol>
      <symbol id="sm-6ef">
         <name>__TI_int51</name>
         <value>0xffe6</value>
         <object_component_ref idref="oc-83"/>
      </symbol>
      <symbol id="sm-6f2">
         <name>__TI_int52</name>
         <value>0xffe8</value>
         <object_component_ref idref="oc-84"/>
      </symbol>
      <symbol id="sm-6f5">
         <name>__TI_int53</name>
         <value>0xffea</value>
         <object_component_ref idref="oc-85"/>
      </symbol>
      <symbol id="sm-6f8">
         <name>__TI_int54</name>
         <value>0xffec</value>
         <object_component_ref idref="oc-86"/>
      </symbol>
      <symbol id="sm-6fb">
         <name>__TI_int55</name>
         <value>0xffee</value>
         <object_component_ref idref="oc-87"/>
      </symbol>
      <symbol id="sm-6fe">
         <name>__TI_int57</name>
         <value>0xfff2</value>
         <object_component_ref idref="oc-89"/>
      </symbol>
      <symbol id="sm-701">
         <name>__TI_int58</name>
         <value>0xfff4</value>
         <object_component_ref idref="oc-8a"/>
      </symbol>
      <symbol id="sm-704">
         <name>__TI_int59</name>
         <value>0xfff6</value>
         <object_component_ref idref="oc-8b"/>
      </symbol>
      <symbol id="sm-707">
         <name>__TI_int60</name>
         <value>0xfff8</value>
         <object_component_ref idref="oc-8c"/>
      </symbol>
      <symbol id="sm-70a">
         <name>__TI_int61</name>
         <value>0xfffa</value>
         <object_component_ref idref="oc-8d"/>
      </symbol>
      <symbol id="sm-70d">
         <name>__TI_int62</name>
         <value>0xfffc</value>
         <object_component_ref idref="oc-8e"/>
      </symbol>
      <symbol id="sm-715">
         <name>__TI_ISR_TRAP</name>
         <value>0x442a</value>
         <object_component_ref idref="oc-387"/>
      </symbol>
      <symbol id="sm-71d">
         <name>__mspabi_slll_9</name>
         <value>0x10dac</value>
         <object_component_ref idref="oc-636"/>
      </symbol>
      <symbol id="sm-71e">
         <name>__mspabi_slll_8</name>
         <value>0x10db0</value>
         <object_component_ref idref="oc-636"/>
      </symbol>
      <symbol id="sm-71f">
         <name>__mspabi_slll_7</name>
         <value>0x10db4</value>
         <object_component_ref idref="oc-636"/>
      </symbol>
      <symbol id="sm-720">
         <name>__mspabi_slll_6</name>
         <value>0x10db8</value>
         <object_component_ref idref="oc-636"/>
      </symbol>
      <symbol id="sm-721">
         <name>__mspabi_slll_5</name>
         <value>0x10dbc</value>
         <object_component_ref idref="oc-636"/>
      </symbol>
      <symbol id="sm-722">
         <name>__mspabi_slll_4</name>
         <value>0x10dc0</value>
         <object_component_ref idref="oc-636"/>
      </symbol>
      <symbol id="sm-723">
         <name>__mspabi_slll_3</name>
         <value>0x10dc4</value>
         <object_component_ref idref="oc-636"/>
      </symbol>
      <symbol id="sm-724">
         <name>__mspabi_slll_2</name>
         <value>0x10dc8</value>
         <object_component_ref idref="oc-636"/>
      </symbol>
      <symbol id="sm-725">
         <name>__mspabi_slll_1</name>
         <value>0x10dcc</value>
         <object_component_ref idref="oc-636"/>
      </symbol>
      <symbol id="sm-726">
         <name>__mspabi_slll_15</name>
         <value>0x10d94</value>
         <object_component_ref idref="oc-636"/>
      </symbol>
      <symbol id="sm-727">
         <name>__mspabi_slll_14</name>
         <value>0x10d98</value>
         <object_component_ref idref="oc-636"/>
      </symbol>
      <symbol id="sm-728">
         <name>__mspabi_slll_13</name>
         <value>0x10d9c</value>
         <object_component_ref idref="oc-636"/>
      </symbol>
      <symbol id="sm-729">
         <name>__mspabi_slll_12</name>
         <value>0x10da0</value>
         <object_component_ref idref="oc-636"/>
      </symbol>
      <symbol id="sm-72a">
         <name>__mspabi_slll_11</name>
         <value>0x10da4</value>
         <object_component_ref idref="oc-636"/>
      </symbol>
      <symbol id="sm-72b">
         <name>__mspabi_slll_10</name>
         <value>0x10da8</value>
         <object_component_ref idref="oc-636"/>
      </symbol>
      <symbol id="sm-733">
         <name>__mspabi_srll_8</name>
         <value>0x10dee</value>
         <object_component_ref idref="oc-56d"/>
      </symbol>
      <symbol id="sm-734">
         <name>__mspabi_srll_9</name>
         <value>0x10dea</value>
         <object_component_ref idref="oc-56d"/>
      </symbol>
      <symbol id="sm-735">
         <name>__mspabi_srll_6</name>
         <value>0x10df6</value>
         <object_component_ref idref="oc-56d"/>
      </symbol>
      <symbol id="sm-736">
         <name>__mspabi_srll_7</name>
         <value>0x10df2</value>
         <object_component_ref idref="oc-56d"/>
      </symbol>
      <symbol id="sm-737">
         <name>__mspabi_srll_4</name>
         <value>0x10dfe</value>
         <object_component_ref idref="oc-56d"/>
      </symbol>
      <symbol id="sm-738">
         <name>__mspabi_srll_5</name>
         <value>0x10dfa</value>
         <object_component_ref idref="oc-56d"/>
      </symbol>
      <symbol id="sm-739">
         <name>__mspabi_srll_2</name>
         <value>0x10e06</value>
         <object_component_ref idref="oc-56d"/>
      </symbol>
      <symbol id="sm-73a">
         <name>__mspabi_srll_3</name>
         <value>0x10e02</value>
         <object_component_ref idref="oc-56d"/>
      </symbol>
      <symbol id="sm-73b">
         <name>__mspabi_srll_1</name>
         <value>0x10e0a</value>
         <object_component_ref idref="oc-56d"/>
      </symbol>
      <symbol id="sm-73c">
         <name>__mspabi_srll_15</name>
         <value>0x10dd2</value>
         <object_component_ref idref="oc-56d"/>
      </symbol>
      <symbol id="sm-73d">
         <name>__mspabi_srll_14</name>
         <value>0x10dd6</value>
         <object_component_ref idref="oc-56d"/>
      </symbol>
      <symbol id="sm-73e">
         <name>__mspabi_srll_13</name>
         <value>0x10dda</value>
         <object_component_ref idref="oc-56d"/>
      </symbol>
      <symbol id="sm-73f">
         <name>__mspabi_srll_12</name>
         <value>0x10dde</value>
         <object_component_ref idref="oc-56d"/>
      </symbol>
      <symbol id="sm-740">
         <name>__mspabi_srll_11</name>
         <value>0x10de2</value>
         <object_component_ref idref="oc-56d"/>
      </symbol>
      <symbol id="sm-741">
         <name>__mspabi_srll_10</name>
         <value>0x10de6</value>
         <object_component_ref idref="oc-56d"/>
      </symbol>
      <symbol id="sm-74c">
         <name>__mspabi_mpyl_f5hw</name>
         <value>0x111aa</value>
         <object_component_ref idref="oc-57e"/>
      </symbol>
      <symbol id="sm-75e">
         <name>_stack</name>
         <value>0x4360</value>
         <object_component_ref idref="oc-36b"/>
      </symbol>
      <symbol id="sm-75f">
         <name>_c_int00_noargs</name>
         <value>0x4400</value>
         <object_component_ref idref="oc-3a4"/>
      </symbol>
      <symbol id="sm-760">
         <name>_reset_vector</name>
         <value>0xfffe</value>
         <object_component_ref idref="oc-36e"/>
      </symbol>
      <symbol id="sm-783">
         <name>__TI_auto_init_nobinit_nopinit_hold_wdt</name>
         <value>0x10b22</value>
         <object_component_ref idref="oc-451"/>
      </symbol>
      <symbol id="sm-796">
         <name>__TI_zero_init_nomemset</name>
         <value>0x11186</value>
         <object_component_ref idref="oc-392"/>
      </symbol>
      <symbol id="sm-7a1">
         <name>_system_pre_init</name>
         <value>0x114a4</value>
         <object_component_ref idref="oc-3ec"/>
      </symbol>
      <symbol id="sm-7aa">
         <name>_system_post_cinit</name>
         <value>0x114b0</value>
         <object_component_ref idref="oc-49d"/>
      </symbol>
      <symbol id="sm-7bb">
         <name>__TI_decompress_none</name>
         <value>0x1135a</value>
         <object_component_ref idref="oc-73"/>
      </symbol>
      <symbol id="sm-7de">
         <name>__TI_decompress_lzss</name>
         <value>0x109ee</value>
         <object_component_ref idref="oc-6d"/>
      </symbol>
      <symbol id="sm-7e8">
         <name>C$$EXIT</name>
         <value>0x1148a</value>
         <object_component_ref idref="oc-42d"/>
      </symbol>
      <symbol id="sm-7e9">
         <name>abort</name>
         <value>0x1148a</value>
         <object_component_ref idref="oc-42d"/>
      </symbol>
      <symbol id="sm-7f9">
         <name>memcpy</name>
         <value>0x11310</value>
         <object_component_ref idref="oc-37a"/>
      </symbol>
      <symbol id="sm-806">
         <name>strlen</name>
         <value>0x113e8</value>
         <object_component_ref idref="oc-776"/>
      </symbol>
      <symbol id="sm-80b">
         <name>HAL_Write</name>
         <value>0x111f0</value>
      </symbol>
      <symbol id="sm-80c">
         <name>HAL_Write8</name>
         <value>0x114a0</value>
      </symbol>
   </symbol_table>
   <title>Link successful</title>
</link_info>
